Archive member included because of file (symbol)

/home/louis/Documents/ps3/ps3toolchain/bin/portlibs/ppu/lib/libtiny3d.a(matrix.o)
                              rendering.o (MatrixMultiply)
/home/louis/Documents/ps3/ps3toolchain/bin/portlibs/ppu/lib/libtiny3d.a(tiny3d.o)
                              main.o (tiny3d_Init)
/home/louis/Documents/ps3/ps3toolchain/bin/portlibs/ppu/lib/libtiny3d.a(vshader_text_normal.vcg.o)
                              /home/louis/Documents/ps3/ps3toolchain/bin/portlibs/ppu/lib/libtiny3d.a(tiny3d.o) (vshader_text_normal_bin)
/home/louis/Documents/ps3/ps3toolchain/bin/portlibs/ppu/lib/libtiny3d.a(commands.o)
                              /home/louis/Documents/ps3/ps3toolchain/bin/portlibs/ppu/lib/libtiny3d.a(tiny3d.o) (rsxtiny_MakeCmdSpace)
/home/louis/Documents/ps3/ps3toolchain/bin/portlibs/ppu/lib/libtiny3d.a(glue.o)
                              /home/louis/Documents/ps3/ps3toolchain/bin/portlibs/ppu/lib/libtiny3d.a(tiny3d.o) (rsxtiny_FlushBuffer)
/home/louis/Documents/ps3/ps3toolchain/bin/portlibs/ppu/lib/libtiny3d.a(mm.o)
                              /home/louis/Documents/ps3/ps3toolchain/bin/portlibs/ppu/lib/libtiny3d.a(tiny3d.o) (rsxtiny_MemAlign)
/home/louis/Documents/ps3/ps3toolchain/bin/portlibs/ppu/lib/libtiny3d.a(realityVP.o)
                              /home/louis/Documents/ps3/ps3toolchain/bin/portlibs/ppu/lib/libtiny3d.a(commands.o) (rsxtiny_VertexProgramGetUCode)
/home/louis/Documents/ps3/ps3toolchain/bin/portlibs/ppu/lib/libtiny3d.a(rsxutil.o)
                              /home/louis/Documents/ps3/ps3toolchain/bin/portlibs/ppu/lib/libtiny3d.a(tiny3d.o) (waitFlip)
/home/louis/Documents/ps3/ps3toolchain/bin/portlibs/ppu/lib/libtiny3d.a(buffer.o)
                              /home/louis/Documents/ps3/ps3toolchain/bin/portlibs/ppu/lib/libtiny3d.a(commands.o) (tiny_rsxContextCallback)
/home/louis/Documents/ps3/ps3toolchain/bin/ppu/lib/libgcm_sys.a(sprx.o)
                              /home/louis/Documents/ps3/ps3toolchain/bin/portlibs/ppu/lib/libtiny3d.a(rsxutil.o) (gcmSetFlip)
/home/louis/Documents/ps3/ps3toolchain/bin/ppu/lib/libgcm_sys.a(gcm_wrapper.o)
                              /home/louis/Documents/ps3/ps3toolchain/bin/portlibs/ppu/lib/libtiny3d.a(glue.o) (gcmInitBody)
/home/louis/Documents/ps3/ps3toolchain/bin/ppu/lib/libio.a(sprx.o)
                              rendering.o (ioPadInit)
/home/louis/Documents/ps3/ps3toolchain/bin/ppu/lib/libsysutil.a(sprx.o)
                              /home/louis/Documents/ps3/ps3toolchain/bin/portlibs/ppu/lib/libtiny3d.a(rsxutil.o) (videoConfigure)
/home/louis/Documents/ps3/ps3toolchain/bin/ppu/lib/libsysutil.a(sysutil_wrapper.o)
                              /home/louis/Documents/ps3/ps3toolchain/bin/portlibs/ppu/lib/libtiny3d.a(tiny3d.o) (sysUtilRegisterCallback)
/home/louis/Documents/ps3/ps3toolchain/bin/ppu/lib/librt.a(sbrk.o)
                              /home/louis/Documents/ps3/ps3toolchain/bin/ppu/lib/gcc/powerpc64-ps3-elf/7.2.0/../../../../powerpc64-ps3-elf/lib/lv2-crt0.o (__librt_sbrk_r)
/home/louis/Documents/ps3/ps3toolchain/bin/ppu/lib/librt.a(exit.o)
                              /home/louis/Documents/ps3/ps3toolchain/bin/ppu/lib/gcc/powerpc64-ps3-elf/7.2.0/../../../../powerpc64-ps3-elf/lib/lv2-crt0.o (__librt_exit)
/home/louis/Documents/ps3/ps3toolchain/bin/ppu/lib/librt.a(close.o)
                              /home/louis/Documents/ps3/ps3toolchain/bin/ppu/lib/gcc/powerpc64-ps3-elf/7.2.0/../../../../powerpc64-ps3-elf/lib/lv2-crt0.o (__librt_close_r)
/home/louis/Documents/ps3/ps3toolchain/bin/ppu/lib/librt.a(lseek.o)
                              /home/louis/Documents/ps3/ps3toolchain/bin/ppu/lib/gcc/powerpc64-ps3-elf/7.2.0/../../../../powerpc64-ps3-elf/lib/lv2-crt0.o (__librt_lseek_r)
/home/louis/Documents/ps3/ps3toolchain/bin/ppu/lib/librt.a(read.o)
                              /home/louis/Documents/ps3/ps3toolchain/bin/ppu/lib/gcc/powerpc64-ps3-elf/7.2.0/../../../../powerpc64-ps3-elf/lib/lv2-crt0.o (__librt_read_r)
/home/louis/Documents/ps3/ps3toolchain/bin/ppu/lib/librt.a(open.o)
                              /home/louis/Documents/ps3/ps3toolchain/bin/ppu/lib/gcc/powerpc64-ps3-elf/7.2.0/../../../../powerpc64-ps3-elf/lib/lv2-crt0.o (__librt_open_r)
/home/louis/Documents/ps3/ps3toolchain/bin/ppu/lib/librt.a(sleep.o)
                              /home/louis/Documents/ps3/ps3toolchain/bin/ppu/lib/gcc/powerpc64-ps3-elf/7.2.0/../../../../powerpc64-ps3-elf/lib/lv2-crt0.o (__librt_usleep_r)
/home/louis/Documents/ps3/ps3toolchain/bin/ppu/lib/librt.a(write.o)
                              /home/louis/Documents/ps3/ps3toolchain/bin/ppu/lib/gcc/powerpc64-ps3-elf/7.2.0/../../../../powerpc64-ps3-elf/lib/lv2-crt0.o (__librt_write_r)
/home/louis/Documents/ps3/ps3toolchain/bin/ppu/lib/librt.a(fstat.o)
                              /home/louis/Documents/ps3/ps3toolchain/bin/ppu/lib/gcc/powerpc64-ps3-elf/7.2.0/../../../../powerpc64-ps3-elf/lib/lv2-crt0.o (__librt_fstat_r)
[...]
Memory Configuration

Name             Origin             Length             Attributes
*default*        0x0000000000000000 0xffffffffffffffff

Linker script and memory map

                0x0000000000010000                PROVIDE (__executable_start, 0x10000)
                0x0000000000010200                . = (0x10000 + SIZEOF_HEADERS)

.interp
 *(.interp)

.hash
 *(.hash)

.dynsym
 *(.dynsym)

.dynstr
 *(.dynstr)

.gnu.version
 *(.gnu.version)

.gnu.version_d
 *(.gnu.version_d)

.gnu.version_r
 *(.gnu.version_r)

.rel.dyn
 *(.rel.init)
 *(.rel.text .rel.text.* .rel.gnu.linkonce.t.*)
 *(.rel.fini)
 *(.rel.rodata .rel.rodata.* .rel.gnu.linkonce.r.*)
 *(.rel.data.rel.ro*)
 *(.rel.data .rel.data.* .rel.gnu.linkonce.d.*)
 *(.rel.tdata .rel.tdata.* .rel.gnu.linkonce.td.*)
 *(.rel.tbss .rel.tbss.* .rel.gnu.linkonce.tb.*)
 *(.rel.ctors)
 *(.rel.dtors)
 *(.rel.got)
 *(.rel.sdata .rel.sdata.* .rel.gnu.linkonce.s.*)
 *(.rel.sbss .rel.sbss.* .rel.gnu.linkonce.sb.*)
 *(.rel.sdata2 .rel.sdata2.* .rel.gnu.linkonce.s2.*)
 *(.rel.sbss2 .rel.sbss2.* .rel.gnu.linkonce.sb2.*)
 *(.rel.bss .rel.bss.* .rel.gnu.linkonce.b.*)

.rela.dyn       0x0000000000010200        0x0
 *(.rela.init)
 *(.rela.text .rela.text.* .rela.gnu.linkonce.t.*)
 *(.rela.fini)
 *(.rela.rodata .rela.rodata.* .rela.gnu.linkonce.r.*)
 *(.rela.data .rela.data.* .rela.gnu.linkonce.d.*)
 *(.rela.tdata .rela.tdata.* .rela.gnu.linkonce.td.*)
 *(.rela.tbss .rela.tbss.* .rela.gnu.linkonce.tb.*)
 *(.rela.ctors)
 *(.rela.dtors)
 *(.rela.got)
 *(.rela.toc)
 .rela.toc      0x0000000000000000        0x0 linker stubs
 *(.rela.sdata .rela.sdata.* .rela.gnu.linkonce.s.*)
 *(.rela.sbss .rela.sbss.* .rela.gnu.linkonce.sb.*)
 *(.rela.sdata2 .rela.sdata2.* .rela.gnu.linkonce.s2.*)
 *(.rela.sbss2 .rela.sbss2.* .rela.gnu.linkonce.sb2.*)
 *(.rela.bss .rela.bss.* .rela.gnu.linkonce.b.*)
 .rela.iplt     0x0000000000000000        0x0 linker stubs
 .rela.sys_proc_prx_param
                0x0000000000000000        0x0 linker stubs

.rel.plt
 *(.rel.plt)

.rela.plt
 *(.rela.plt)

.rela.tocbss
 *(.rela.tocbss)

.init           0x0000000000010200       0x2c
 *(.init)
 .init          0x0000000000010200        0xc /home/louis/Documents/ps3/ps3toolchain/bin/ppu/lib/gcc/powerpc64-ps3-elf/7.2.0/../../../../powerpc64-ps3-elf/lib/lv2-crti.o
                0x0000000000010200                ._init
 .init          0x000000000001020c        0x8 /home/louis/Documents/ps3/ps3toolchain/bin/ppu/lib/gcc/powerpc64-ps3-elf/7.2.0/crtbegin.o
 .init          0x0000000000010214        0x8 /home/louis/Documents/ps3/ps3toolchain/bin/ppu/lib/gcc/powerpc64-ps3-elf/7.2.0/crtend.o
 .init          0x000000000001021c       0x10 /home/louis/Documents/ps3/ps3toolchain/bin/ppu/lib/gcc/powerpc64-ps3-elf/7.2.0/../../../../powerpc64-ps3-elf/lib/lv2-crtn.o

.text           0x0000000000010230    0x26bac
 *(.text .stub .text.* .gnu.linkonce.t.*)
 .text          0x0000000000010230        0x0 /home/louis/Documents/ps3/ps3toolchain/bin/ppu/lib/gcc/powerpc64-ps3-elf/7.2.0/../../../../powerpc64-ps3-elf/lib/lv2-crti.o
 .text          0x0000000000010230        0x0 /home/louis/Documents/ps3/ps3toolchain/bin/ppu/lib/gcc/powerpc64-ps3-elf/7.2.0/crtbegin.o
 .text.deregister_tm_clones
                0x0000000000010230       0x54 /home/louis/Documents/ps3/ps3toolchain/bin/ppu/lib/gcc/powerpc64-ps3-elf/7.2.0/crtbegin.o
 *fill*         0x0000000000010284        0x4 60000000
 .text.register_tm_clones
                0x0000000000010288       0x60 /home/louis/Documents/ps3/ps3toolchain/bin/ppu/lib/gcc/powerpc64-ps3-elf/7.2.0/crtbegin.o
 .text.__do_global_dtors_aux
                0x00000000000102e8       0xd4 /home/louis/Documents/ps3/ps3toolchain/bin/ppu/lib/gcc/powerpc64-ps3-elf/7.2.0/crtbegin.o
 *fill*         0x00000000000103bc        0x4 60000000
 .text.frame_dummy
                0x00000000000103c0       0x38 /home/louis/Documents/ps3/ps3toolchain/bin/ppu/lib/gcc/powerpc64-ps3-elf/7.2.0/crtbegin.o
 .text          0x00000000000103f8       0x58 /home/louis/Documents/ps3/ps3toolchain/bin/ppu/lib/gcc/powerpc64-ps3-elf/7.2.0/../../../../powerpc64-ps3-elf/lib/lv2-crt0.o
                0x00000000000103f8                ._start
 .text.startup.__syscalls_init
                0x0000000000010450      0x180 /home/louis/Documents/ps3/ps3toolchain/bin/ppu/lib/gcc/powerpc64-ps3-elf/7.2.0/../../../../powerpc64-ps3-elf/lib/lv2-crt0.o
 .text._initialize
                0x00000000000105d0       0x40 /home/louis/Documents/ps3/ps3toolchain/bin/ppu/lib/gcc/powerpc64-ps3-elf/7.2.0/../../../../powerpc64-ps3-elf/lib/lv2-crt0.o
 .text          0x0000000000010610        0x0 /home/louis/Documents/ps3/ps3toolchain/bin/ppu/lib/gcc/powerpc64-ps3-elf/7.2.0/../../../../powerpc64-ps3-elf/lib/lv2-sprx.o
 .text          0x0000000000010610        0x0 main.o
 .text.startup.main
                0x0000000000010610       0x5c main.o
 .text          0x000000000001066c        0x0 pad.o
 *fill*         0x000000000001066c        0x4 60000000
 .text.normalizeAnalogSticks
                0x0000000000010670       0x28 pad.o
 .text.getControl
                0x0000000000010698       0xa8 pad.o
 .text          0x0000000000010740        0x0 rendering.o
 .text.render_pipeline.part.0
                0x0000000000010740      0x31c rendering.o
 *fill*         0x0000000000010a5c        0x4 60000000
 .text.rendering_loop
                0x0000000000010a60      0x158 rendering.o
 .text.render_pipeline
                0x0000000000010bb8       0x90 rendering.o
 .text          0x0000000000010c48        0x0 /home/louis/Documents/ps3/ps3toolchain/bin/portlibs/ppu/lib/libtiny3d.a(matrix.o)
 .text.MatrixProjPerspective
                0x0000000000010c48      0x108 /home/louis/Documents/ps3/ps3toolchain/bin/portlibs/ppu/lib/libtiny3d.a(matrix.o)
 .text.MatrixVectorMultiply
                0x0000000000010d50       0xac /home/louis/Documents/ps3/ps3toolchain/bin/portlibs/ppu/lib/libtiny3d.a(matrix.o)
 *fill*         0x0000000000010dfc        0x4 60000000
 .text.MatrixVectorMultiply3x3
                0x0000000000010e00       0x8c /home/louis/Documents/ps3/ps3toolchain/bin/portlibs/ppu/lib/libtiny3d.a(matrix.o)
 *fill*         0x0000000000010e8c        0x4 60000000
 .text.MatrixMultiply
                0x0000000000010e90      0x2f4 /home/louis/Documents/ps3/ps3toolchain/bin/portlibs/ppu/lib/libtiny3d.a(matrix.o)
 *fill*         0x0000000000011184        0x4 60000000
 .text.MatrixIdentity
                0x0000000000011188       0x54 /home/louis/Documents/ps3/ps3toolchain/bin/portlibs/ppu/lib/libtiny3d.a(matrix.o)
 *fill*         0x00000000000111dc        0x4 60000000
 .text.MatrixTranslation
                0x00000000000111e0       0x58 /home/louis/Documents/ps3/ps3toolchain/bin/portlibs/ppu/lib/libtiny3d.a(matrix.o)
 .text.MatrixTranspose
                0x0000000000011238       0xb0 /home/louis/Documents/ps3/ps3toolchain/bin/portlibs/ppu/lib/libtiny3d.a(matrix.o)
 .text.MatrixScale
                0x00000000000112e8       0x60 /home/louis/Documents/ps3/ps3toolchain/bin/portlibs/ppu/lib/libtiny3d.a(matrix.o)
 .text.MatrixRotationX
                0x0000000000011348       0xbc /home/louis/Documents/ps3/ps3toolchain/bin/portlibs/ppu/lib/libtiny3d.a(matrix.o)
 *fill*         0x0000000000011404        0x4 60000000
 .text.MatrixRotationY
                0x0000000000011408       0xbc /home/louis/Documents/ps3/ps3toolchain/bin/portlibs/ppu/lib/libtiny3d.a(matrix.o)
 *fill*         0x00000000000114c4        0x4 60000000
 .text.MatrixRotationZ
                0x00000000000114c8       0xac /home/louis/Documents/ps3/ps3toolchain/bin/portlibs/ppu/lib/libtiny3d.a(matrix.o)
 *fill*         0x0000000000011574        0x4 60000000
 .text.MatrixRotationAxis
                0x0000000000011578      0x2b0 /home/louis/Documents/ps3/ps3toolchain/bin/portlibs/ppu/lib/libtiny3d.a(matrix.o)
 .text.VectorToUnit
                0x0000000000011828       0xc4 /home/louis/Documents/ps3/ps3toolchain/bin/portlibs/ppu/lib/libtiny3d.a(matrix.o)
 *fill*         0x00000000000118ec        0x4 60000000
 .text.VectorNormalPlane
                0x00000000000118f0       0xdc /home/louis/Documents/ps3/ps3toolchain/bin/portlibs/ppu/lib/libtiny3d.a(matrix.o)
 *fill*         0x00000000000119cc        0x4 60000000
 .text.MakeLookAtMatrix
                0x00000000000119d0      0x2f0 /home/louis/Documents/ps3/ps3toolchain/bin/portlibs/ppu/lib/libtiny3d.a(matrix.o)
 .text          0x0000000000011cc0        0x0 /home/louis/Documents/ps3/ps3toolchain/bin/portlibs/ppu/lib/libtiny3d.a(tiny3d.o)
 .text.put_vertex
                0x0000000000011cc0      0x1f0 /home/louis/Documents/ps3/ps3toolchain/bin/portlibs/ppu/lib/libtiny3d.a(tiny3d.o)
 .text.push_list_cmd
                0x0000000000011eb0      0x16c /home/louis/Documents/ps3/ps3toolchain/bin/portlibs/ppu/lib/libtiny3d.a(tiny3d.o)
 *fill*         0x000000000001201c        0x4 60000000
 .text.tiny3d_Exit
                0x0000000000012020      0x180 /home/louis/Documents/ps3/ps3toolchain/bin/portlibs/ppu/lib/libtiny3d.a(tiny3d.o)
 .text.tiny3d_callback
                0x00000000000121a0      0x180 /home/louis/Documents/ps3/ps3toolchain/bin/portlibs/ppu/lib/libtiny3d.a(tiny3d.o)
 .text.Update_With_Normal
                0x0000000000012320      0x29c /home/louis/Documents/ps3/ps3toolchain/bin/portlibs/ppu/lib/libtiny3d.a(tiny3d.o)
 *fill*         0x00000000000125bc        0x4 60000000
 .text.set_shader_context.part.8
                0x00000000000125c0      0x318 /home/louis/Documents/ps3/ps3toolchain/bin/portlibs/ppu/lib/libtiny3d.a(tiny3d.o)
 .text.push_normal_list
                0x00000000000128d8      0x198 /home/louis/Documents/ps3/ps3toolchain/bin/portlibs/ppu/lib/libtiny3d.a(tiny3d.o)
 .text.push_position_list
                0x0000000000012a70      0x1b0 /home/louis/Documents/ps3/ps3toolchain/bin/portlibs/ppu/lib/libtiny3d.a(tiny3d.o)
 .text.tiny3d_alarm
                0x0000000000012c20       0x10 /home/louis/Documents/ps3/ps3toolchain/bin/portlibs/ppu/lib/libtiny3d.a(tiny3d.o)
 .text.tiny3d_RecordList
                0x0000000000012c30       0xac /home/louis/Documents/ps3/ps3toolchain/bin/portlibs/ppu/lib/libtiny3d.a(tiny3d.o)
 *fill*         0x0000000000012cdc        0x4 60000000
 .text.tiny3d_StopList
                0x0000000000012ce0      0x14c /home/louis/Documents/ps3/ps3toolchain/bin/portlibs/ppu/lib/libtiny3d.a(tiny3d.o)
 *fill*         0x0000000000012e2c        0x4 60000000
 .text.tiny3d_FreeList
                0x0000000000012e30       0xb4 /home/louis/Documents/ps3/ps3toolchain/bin/portlibs/ppu/lib/libtiny3d.a(tiny3d.o)
 *fill*         0x0000000000012ee4        0x4 60000000
 .text.tiny3d_DynamicMatrixList
                0x0000000000012ee8      0x104 /home/louis/Documents/ps3/ps3toolchain/bin/portlibs/ppu/lib/libtiny3d.a(tiny3d.o)
 *fill*         0x0000000000012fec        0x4 60000000
 .text.tiny3d_ApplyMatrixList
                0x0000000000012ff0       0xc8 /home/louis/Documents/ps3/ps3toolchain/bin/portlibs/ppu/lib/libtiny3d.a(tiny3d.o)
 .text.tiny3d_Init
                0x00000000000130b8      0x510 /home/louis/Documents/ps3/ps3toolchain/bin/portlibs/ppu/lib/libtiny3d.a(tiny3d.o)
 .text.tiny3d_SetPolygon
                0x00000000000135c8      0x230 /home/louis/Documents/ps3/ps3toolchain/bin/portlibs/ppu/lib/libtiny3d.a(tiny3d.o)
 .text.tiny3d_VertexPos
                0x00000000000137f8       0xc8 /home/louis/Documents/ps3/ps3toolchain/bin/portlibs/ppu/lib/libtiny3d.a(tiny3d.o)
 .text.tiny3d_VertexPos4
                0x00000000000138c0       0xc8 /home/louis/Documents/ps3/ps3toolchain/bin/portlibs/ppu/lib/libtiny3d.a(tiny3d.o)
 .text.tiny3d_VertexPosVector
                0x0000000000013988       0xd8 /home/louis/Documents/ps3/ps3toolchain/bin/portlibs/ppu/lib/libtiny3d.a(tiny3d.o)
 .text.tiny3d_VertexColor
                0x0000000000013a60       0xcc /home/louis/Documents/ps3/ps3toolchain/bin/portlibs/ppu/lib/libtiny3d.a(tiny3d.o)
 *fill*         0x0000000000013b2c        0x4 60000000
 .text.tiny3d_VertexFcolor
                0x0000000000013b30      0x114 /home/louis/Documents/ps3/ps3toolchain/bin/portlibs/ppu/lib/libtiny3d.a(tiny3d.o)
 *fill*         0x0000000000013c44        0x4 60000000
 .text.tiny3d_VertexTexture
                0x0000000000013c48       0xe4 /home/louis/Documents/ps3/ps3toolchain/bin/portlibs/ppu/lib/libtiny3d.a(tiny3d.o)
 *fill*         0x0000000000013d2c        0x4 60000000
 .text.tiny3d_VertexTexture2
                0x0000000000013d30       0xe4 /home/louis/Documents/ps3/ps3toolchain/bin/portlibs/ppu/lib/libtiny3d.a(tiny3d.o)
 *fill*         0x0000000000013e14        0x4 60000000
 .text.tiny3d_Normal
                0x0000000000013e18       0x48 /home/louis/Documents/ps3/ps3toolchain/bin/portlibs/ppu/lib/libtiny3d.a(tiny3d.o)
 .text.tiny3d_NormalVector
                0x0000000000013e60       0x58 /home/louis/Documents/ps3/ps3toolchain/bin/portlibs/ppu/lib/libtiny3d.a(tiny3d.o)
 .text.tiny3d_End
                0x0000000000013eb8      0x5e8 /home/louis/Documents/ps3/ps3toolchain/bin/portlibs/ppu/lib/libtiny3d.a(tiny3d.o)
 .text.tiny3d_SetMatrixModelView
                0x00000000000144a0      0x1dc /home/louis/Documents/ps3/ps3toolchain/bin/portlibs/ppu/lib/libtiny3d.a(tiny3d.o)
 *fill*         0x000000000001467c        0x4 60000000
 .text.tiny3d_SetProjectionMatrix
                0x0000000000014680       0xd8 /home/louis/Documents/ps3/ps3toolchain/bin/portlibs/ppu/lib/libtiny3d.a(tiny3d.o)
 .text.tiny3d_Flip
                0x0000000000014758      0x110 /home/louis/Documents/ps3/ps3toolchain/bin/portlibs/ppu/lib/libtiny3d.a(tiny3d.o)
 .text.tiny3d_UserViewport
                0x0000000000014868       0x60 /home/louis/Documents/ps3/ps3toolchain/bin/portlibs/ppu/lib/libtiny3d.a(tiny3d.o)
 .text.tiny3d_UserViewport2
                0x00000000000148c8       0x58 /home/louis/Documents/ps3/ps3toolchain/bin/portlibs/ppu/lib/libtiny3d.a(tiny3d.o)
 .text.tiny3d_UserViewportSurface
                0x0000000000014920       0x28 /home/louis/Documents/ps3/ps3toolchain/bin/portlibs/ppu/lib/libtiny3d.a(tiny3d.o)
 .text.tiny3d_Project2D
                0x0000000000014948      0x330 /home/louis/Documents/ps3/ps3toolchain/bin/portlibs/ppu/lib/libtiny3d.a(tiny3d.o)
 .text.tiny3d_Project3D
                0x0000000000014c78      0x208 /home/louis/Documents/ps3/ps3toolchain/bin/portlibs/ppu/lib/libtiny3d.a(tiny3d.o)
 .text.tiny3d_Clear
                0x0000000000014e80      0x36c /home/louis/Documents/ps3/ps3toolchain/bin/portlibs/ppu/lib/libtiny3d.a(tiny3d.o)
 *fill*         0x00000000000151ec        0x4 60000000
 .text.tiny3d_ClearSurface
                0x00000000000151f0      0x204 /home/louis/Documents/ps3/ps3toolchain/bin/portlibs/ppu/lib/libtiny3d.a(tiny3d.o)
 *fill*         0x00000000000153f4        0x4 60000000
 .text.tiny3d_AlphaTest
                0x00000000000153f8       0x84 /home/louis/Documents/ps3/ps3toolchain/bin/portlibs/ppu/lib/libtiny3d.a(tiny3d.o)
 *fill*         0x000000000001547c        0x4 60000000
 .text.tiny3d_BlendFunc
                0x0000000000015480       0x80 /home/louis/Documents/ps3/ps3toolchain/bin/portlibs/ppu/lib/libtiny3d.a(tiny3d.o)
 .text.tiny3d_SetTextureWrap
                0x0000000000015500      0x1d8 /home/louis/Documents/ps3/ps3toolchain/bin/portlibs/ppu/lib/libtiny3d.a(tiny3d.o)
 .text.tiny3d_SetTexture
                0x00000000000156d8      0x120 /home/louis/Documents/ps3/ps3toolchain/bin/portlibs/ppu/lib/libtiny3d.a(tiny3d.o)
 .text.tiny3d_AllocTexture
                0x00000000000157f8       0x38 /home/louis/Documents/ps3/ps3toolchain/bin/portlibs/ppu/lib/libtiny3d.a(tiny3d.o)
 .text.tiny3d_TextureOffset
                0x0000000000015830       0x40 /home/louis/Documents/ps3/ps3toolchain/bin/portlibs/ppu/lib/libtiny3d.a(tiny3d.o)
 .text.tiny3d_EmissiveMaterial
                0x0000000000015870      0x104 /home/louis/Documents/ps3/ps3toolchain/bin/portlibs/ppu/lib/libtiny3d.a(tiny3d.o)
 *fill*         0x0000000000015974        0x4 60000000
 .text.tiny3d_AmbientMaterial
                0x0000000000015978      0x104 /home/louis/Documents/ps3/ps3toolchain/bin/portlibs/ppu/lib/libtiny3d.a(tiny3d.o)
 *fill*         0x0000000000015a7c        0x4 60000000
 .text.tiny3d_DiffuseMaterial
                0x0000000000015a80      0x104 /home/louis/Documents/ps3/ps3toolchain/bin/portlibs/ppu/lib/libtiny3d.a(tiny3d.o)
 *fill*         0x0000000000015b84        0x4 60000000
 .text.tiny3d_SpecularMaterial
                0x0000000000015b88      0x104 /home/louis/Documents/ps3/ps3toolchain/bin/portlibs/ppu/lib/libtiny3d.a(tiny3d.o)
 *fill*         0x0000000000015c8c        0x4 60000000
 .text.tiny3d_SetLightCameraPosition
                0x0000000000015c90       0x3c /home/louis/Documents/ps3/ps3toolchain/bin/portlibs/ppu/lib/libtiny3d.a(tiny3d.o)
 *fill*         0x0000000000015ccc        0x4 60000000
 .text.tiny3d_SetLight
                0x0000000000015cd0       0xd4 /home/louis/Documents/ps3/ps3toolchain/bin/portlibs/ppu/lib/libtiny3d.a(tiny3d.o)
 *fill*         0x0000000000015da4        0x4 60000000
 .text.tiny3d_SetLightsOff
                0x0000000000015da8       0x3c /home/louis/Documents/ps3/ps3toolchain/bin/portlibs/ppu/lib/libtiny3d.a(tiny3d.o)
 *fill*         0x0000000000015de4        0x4 60000000
 .text.tiny3d_SetAmbientLight
                0x0000000000015de8       0x3c /home/louis/Documents/ps3/ps3toolchain/bin/portlibs/ppu/lib/libtiny3d.a(tiny3d.o)
 *fill*         0x0000000000015e24        0x4 60000000
 .text.tiny3d_SelMultiTexturesMethod
                0x0000000000015e28       0xc0 /home/louis/Documents/ps3/ps3toolchain/bin/portlibs/ppu/lib/libtiny3d.a(tiny3d.o)
 .text.tiny3d_DrawList
                0x0000000000015ee8      0x58c /home/louis/Documents/ps3/ps3toolchain/bin/portlibs/ppu/lib/libtiny3d.a(tiny3d.o)
 *fill*         0x0000000000016474        0x4 60000000
 .text.tiny3d_MenuActive
                0x0000000000016478       0x1c /home/louis/Documents/ps3/ps3toolchain/bin/portlibs/ppu/lib/libtiny3d.a(tiny3d.o)
 *fill*         0x0000000000016494        0x4 60000000
 .text.tiny3d_Enable_YUV
                0x0000000000016498       0x2c /home/louis/Documents/ps3/ps3toolchain/bin/portlibs/ppu/lib/libtiny3d.a(tiny3d.o)
 *fill*         0x00000000000164c4        0x4 60000000
 .text.tiny3d_Disable_YUV
                0x00000000000164c8       0x28 /home/louis/Documents/ps3/ps3toolchain/bin/portlibs/ppu/lib/libtiny3d.a(tiny3d.o)
 .text.tiny3d_Dirty_Status
                0x00000000000164f0       0x78 /home/louis/Documents/ps3/ps3toolchain/bin/portlibs/ppu/lib/libtiny3d.a(tiny3d.o)
 .text.tiny3d_Get_GCM_Context
                0x0000000000016568       0x18 /home/louis/Documents/ps3/ps3toolchain/bin/portlibs/ppu/lib/libtiny3d.a(tiny3d.o)
 .text.tiny3d_DoCmd_Space
                0x0000000000016580       0x6c /home/louis/Documents/ps3/ps3toolchain/bin/portlibs/ppu/lib/libtiny3d.a(tiny3d.o)
 .text          0x00000000000165ec        0x0 /home/louis/Documents/ps3/ps3toolchain/bin/portlibs/ppu/lib/libtiny3d.a(vshader_text_normal.vcg.o)
 .text          0x00000000000165ec        0x0 /home/louis/Documents/ps3/ps3toolchain/bin/portlibs/ppu/lib/libtiny3d.a(commands.o)
 *fill*         0x00000000000165ec        0x4 60000000
 .text.rsxtiny_MakeCmdSpace
                0x00000000000165f0      0x104 /home/louis/Documents/ps3/ps3toolchain/bin/portlibs/ppu/lib/libtiny3d.a(commands.o)
 *fill*         0x00000000000166f4        0x4 60000000
 .text.rsxtiny_SetReferenceCommand
                0x00000000000166f8      0x128 /home/louis/Documents/ps3/ps3toolchain/bin/portlibs/ppu/lib/libtiny3d.a(commands.o)
 .text.rsxtiny_SetWriteBackendLabel
                0x0000000000016820      0x168 /home/louis/Documents/ps3/ps3toolchain/bin/portlibs/ppu/lib/libtiny3d.a(commands.o)
 .text.rsxtiny_SetWaitLabel
                0x0000000000016988      0x150 /home/louis/Documents/ps3/ps3toolchain/bin/portlibs/ppu/lib/libtiny3d.a(commands.o)
 .text.rsxtiny_SetScissor
                0x0000000000016ad8      0x168 /home/louis/Documents/ps3/ps3toolchain/bin/portlibs/ppu/lib/libtiny3d.a(commands.o)
 .text.rsxtiny_SetClearColor
                0x0000000000016c40      0x128 /home/louis/Documents/ps3/ps3toolchain/bin/portlibs/ppu/lib/libtiny3d.a(commands.o)
 .text.rsxtiny_SetClearDepthValue
                0x0000000000016d68      0x128 /home/louis/Documents/ps3/ps3toolchain/bin/portlibs/ppu/lib/libtiny3d.a(commands.o)
 .text.rsxtiny_Nop
                0x0000000000016e90      0x118 /home/louis/Documents/ps3/ps3toolchain/bin/portlibs/ppu/lib/libtiny3d.a(commands.o)
 .text.rsxtiny_ClearBuffers
                0x0000000000016fa8      0x140 /home/louis/Documents/ps3/ps3toolchain/bin/portlibs/ppu/lib/libtiny3d.a(commands.o)
 .text.rsxtiny_SetRenderSurface
                0x00000000000170e8      0x198 /home/louis/Documents/ps3/ps3toolchain/bin/portlibs/ppu/lib/libtiny3d.a(commands.o)
 .text.rsxtiny_SelectRenderTarget
                0x0000000000017280      0x218 /home/louis/Documents/ps3/ps3toolchain/bin/portlibs/ppu/lib/libtiny3d.a(commands.o)
 .text.rsxtiny_Viewport
                0x0000000000017498      0x140 /home/louis/Documents/ps3/ps3toolchain/bin/portlibs/ppu/lib/libtiny3d.a(commands.o)
 .text.rsxtiny_ViewportClip
                0x00000000000175d8      0x160 /home/louis/Documents/ps3/ps3toolchain/bin/portlibs/ppu/lib/libtiny3d.a(commands.o)
 .text.rsxtiny_VertexBegin
                0x0000000000017738      0x128 /home/louis/Documents/ps3/ps3toolchain/bin/portlibs/ppu/lib/libtiny3d.a(commands.o)
 .text.rsxtiny_VertexEnd
                0x0000000000017860      0x118 /home/louis/Documents/ps3/ps3toolchain/bin/portlibs/ppu/lib/libtiny3d.a(commands.o)
 .text.rsxtiny_Vertex4f
                0x0000000000017978      0x170 /home/louis/Documents/ps3/ps3toolchain/bin/portlibs/ppu/lib/libtiny3d.a(commands.o)
 .text.rsxtiny_TexCoord2f
                0x0000000000017ae8      0x140 /home/louis/Documents/ps3/ps3toolchain/bin/portlibs/ppu/lib/libtiny3d.a(commands.o)
 .text.rsxtiny_SetVertexProgramConstant4f
                0x0000000000017c28      0x158 /home/louis/Documents/ps3/ps3toolchain/bin/portlibs/ppu/lib/libtiny3d.a(commands.o)
 .text.rsxtiny_LoadVertexProgram
                0x0000000000017d80      0x2d0 /home/louis/Documents/ps3/ps3toolchain/bin/portlibs/ppu/lib/libtiny3d.a(commands.o)
 .text.rsxtiny_SetVertexProgramConstant4fBlock
                0x0000000000018050      0x174 /home/louis/Documents/ps3/ps3toolchain/bin/portlibs/ppu/lib/libtiny3d.a(commands.o)
 *fill*         0x00000000000181c4        0x4 60000000
 .text.rsxtiny_InstallFragmentProgram
                0x00000000000181c8       0x70 /home/louis/Documents/ps3/ps3toolchain/bin/portlibs/ppu/lib/libtiny3d.a(commands.o)
 .text.rsxtiny_LoadFragmentProgram
                0x0000000000018238      0x158 /home/louis/Documents/ps3/ps3toolchain/bin/portlibs/ppu/lib/libtiny3d.a(commands.o)
 .text.rsxtiny_InvalidateTextureCache
                0x0000000000018390      0x128 /home/louis/Documents/ps3/ps3toolchain/bin/portlibs/ppu/lib/libtiny3d.a(commands.o)
 .text.rsxtiny_SetTexture
                0x00000000000184b8      0x1a0 /home/louis/Documents/ps3/ps3toolchain/bin/portlibs/ppu/lib/libtiny3d.a(commands.o)
 .text.rsxtiny_ViewportTranslate
                0x0000000000018658      0x170 /home/louis/Documents/ps3/ps3toolchain/bin/portlibs/ppu/lib/libtiny3d.a(commands.o)
 .text.rsxtiny_ViewportScale
                0x00000000000187c8      0x170 /home/louis/Documents/ps3/ps3toolchain/bin/portlibs/ppu/lib/libtiny3d.a(commands.o)
 .text.rsxtiny_CullFace
                0x0000000000018938      0x128 /home/louis/Documents/ps3/ps3toolchain/bin/portlibs/ppu/lib/libtiny3d.a(commands.o)
 .text.rsxtiny_FrontFace
                0x0000000000018a60      0x128 /home/louis/Documents/ps3/ps3toolchain/bin/portlibs/ppu/lib/libtiny3d.a(commands.o)
 .text.rsxtiny_CullEnable
                0x0000000000018b88      0x128 /home/louis/Documents/ps3/ps3toolchain/bin/portlibs/ppu/lib/libtiny3d.a(commands.o)
 .text.rsxtiny_AlphaEnable
                0x0000000000018cb0      0x128 /home/louis/Documents/ps3/ps3toolchain/bin/portlibs/ppu/lib/libtiny3d.a(commands.o)
 .text.rsxtiny_AlphaRef
                0x0000000000018dd8      0x128 /home/louis/Documents/ps3/ps3toolchain/bin/portlibs/ppu/lib/libtiny3d.a(commands.o)
 .text.rsxtiny_AlphaFunc
                0x0000000000018f00      0x128 /home/louis/Documents/ps3/ps3toolchain/bin/portlibs/ppu/lib/libtiny3d.a(commands.o)
 .text.rsxtiny_BlendEnable
                0x0000000000019028      0x128 /home/louis/Documents/ps3/ps3toolchain/bin/portlibs/ppu/lib/libtiny3d.a(commands.o)
 .text.rsxtiny_BlendEquation
                0x0000000000019150      0x128 /home/louis/Documents/ps3/ps3toolchain/bin/portlibs/ppu/lib/libtiny3d.a(commands.o)
 .text.rsxtiny_BlendFunc
                0x0000000000019278      0x138 /home/louis/Documents/ps3/ps3toolchain/bin/portlibs/ppu/lib/libtiny3d.a(commands.o)
 .text.rsxtiny_ZControl
                0x00000000000193b0      0x158 /home/louis/Documents/ps3/ps3toolchain/bin/portlibs/ppu/lib/libtiny3d.a(commands.o)
 .text.rsxtiny_BindVertexBufferAttribute
                0x0000000000019508      0x1a8 /home/louis/Documents/ps3/ps3toolchain/bin/portlibs/ppu/lib/libtiny3d.a(commands.o)
 .text.rsxtiny_VertexInvalidate
                0x00000000000196b0      0x120 /home/louis/Documents/ps3/ps3toolchain/bin/portlibs/ppu/lib/libtiny3d.a(commands.o)
 .text.rsxtiny_DrawVertexBuffer
                0x00000000000197d0      0x30c /home/louis/Documents/ps3/ps3toolchain/bin/portlibs/ppu/lib/libtiny3d.a(commands.o)
 *fill*         0x0000000000019adc        0x4 60000000
 .text.rsxtiny_DrawVertexBufferIndex
                0x0000000000019ae0      0x34c /home/louis/Documents/ps3/ps3toolchain/bin/portlibs/ppu/lib/libtiny3d.a(commands.o)
 *fill*         0x0000000000019e2c        0x4 60000000
 .text.rsxtiny_DepthTestEnable
                0x0000000000019e30      0x128 /home/louis/Documents/ps3/ps3toolchain/bin/portlibs/ppu/lib/libtiny3d.a(commands.o)
 .text.rsxtiny_DepthTestFunc
                0x0000000000019f58      0x128 /home/louis/Documents/ps3/ps3toolchain/bin/portlibs/ppu/lib/libtiny3d.a(commands.o)
 .text.rsxtiny_DepthWriteEnable
                0x000000000001a080      0x128 /home/louis/Documents/ps3/ps3toolchain/bin/portlibs/ppu/lib/libtiny3d.a(commands.o)
 .text          0x000000000001a1a8        0x0 /home/louis/Documents/ps3/ps3toolchain/bin/portlibs/ppu/lib/libtiny3d.a(glue.o)
 .text.rsxtiny_FlushBuffer
                0x000000000001a1a8       0x78 /home/louis/Documents/ps3/ps3toolchain/bin/portlibs/ppu/lib/libtiny3d.a(glue.o)
 .text.rsxtiny_Init
                0x000000000001a220       0x54 /home/louis/Documents/ps3/ps3toolchain/bin/portlibs/ppu/lib/libtiny3d.a(glue.o)
 *fill*         0x000000000001a274        0x4 60000000
 .text.rsxtiny_AddressToOffset
                0x000000000001a278       0x30 /home/louis/Documents/ps3/ps3toolchain/bin/portlibs/ppu/lib/libtiny3d.a(glue.o)
 .text          0x000000000001a2a8        0x0 /home/louis/Documents/ps3/ps3toolchain/bin/portlibs/ppu/lib/libtiny3d.a(mm.o)
 .text.rsxtiny_MemAlign
                0x000000000001a2a8      0x134 /home/louis/Documents/ps3/ps3toolchain/bin/portlibs/ppu/lib/libtiny3d.a(mm.o)
 *fill*         0x000000000001a3dc        0x4 60000000
 .text.rsxtiny_Mem
                0x000000000001a3e0       0x18 /home/louis/Documents/ps3/ps3toolchain/bin/portlibs/ppu/lib/libtiny3d.a(mm.o)
 .text          0x000000000001a3f8        0x0 /home/louis/Documents/ps3/ps3toolchain/bin/portlibs/ppu/lib/libtiny3d.a(realityVP.o)
 .text.rsxtiny_VertexProgramGetUCode
                0x000000000001a3f8       0x18 /home/louis/Documents/ps3/ps3toolchain/bin/portlibs/ppu/lib/libtiny3d.a(realityVP.o)
 .text.rsxtiny_VertexProgramGetInputMask
                0x000000000001a410       0x14 /home/louis/Documents/ps3/ps3toolchain/bin/portlibs/ppu/lib/libtiny3d.a(realityVP.o)
 *fill*         0x000000000001a424        0x4 60000000
 .text.rsxtiny_VertexProgramGetOutputMask
                0x000000000001a428       0x14 /home/louis/Documents/ps3/ps3toolchain/bin/portlibs/ppu/lib/libtiny3d.a(realityVP.o)
 *fill*         0x000000000001a43c        0x4 60000000
 .text.rsxtiny_VertexProgramGetAttributes
                0x000000000001a440       0x18 /home/louis/Documents/ps3/ps3toolchain/bin/portlibs/ppu/lib/libtiny3d.a(realityVP.o)
 .text.rsxtiny_VertexProgramGetInputAttribute
                0x000000000001a458       0xc8 /home/louis/Documents/ps3/ps3toolchain/bin/portlibs/ppu/lib/libtiny3d.a(realityVP.o)
 .text.rsxtiny_VertexProgramGetConstants
                0x000000000001a520       0x18 /home/louis/Documents/ps3/ps3toolchain/bin/portlibs/ppu/lib/libtiny3d.a(realityVP.o)
 .text.rsxtiny_VertexProgramGetConstant
                0x000000000001a538       0xc8 /home/louis/Documents/ps3/ps3toolchain/bin/portlibs/ppu/lib/libtiny3d.a(realityVP.o)
 .text          0x000000000001a600        0x0 /home/louis/Documents/ps3/ps3toolchain/bin/portlibs/ppu/lib/libtiny3d.a(rsxutil.o)
 .text.waitFlip
                0x000000000001a600       0xbc /home/louis/Documents/ps3/ps3toolchain/bin/portlibs/ppu/lib/libtiny3d.a(rsxutil.o)
 *fill*         0x000000000001a6bc        0x4 60000000
 .text.flip     0x000000000001a6c0       0x5c /home/louis/Documents/ps3/ps3toolchain/bin/portlibs/ppu/lib/libtiny3d.a(rsxutil.o)
 *fill*         0x000000000001a71c        0x4 60000000
 .text.init_screen
                0x000000000001a720      0x354 /home/louis/Documents/ps3/ps3toolchain/bin/portlibs/ppu/lib/libtiny3d.a(rsxutil.o)
 *fill*         0x000000000001aa74        0x4 60000000
 .text.setupRenderTarget
                0x000000000001aa78      0x108 /home/louis/Documents/ps3/ps3toolchain/bin/portlibs/ppu/lib/libtiny3d.a(rsxutil.o)
 .text.setupRenderTarget2
                0x000000000001ab80      0x130 /home/louis/Documents/ps3/ps3toolchain/bin/portlibs/ppu/lib/libtiny3d.a(rsxutil.o)
 .text          0x000000000001acb0        0x0 /home/louis/Documents/ps3/ps3toolchain/bin/portlibs/ppu/lib/libtiny3d.a(buffer.o)
 .text.tiny_rsxContextCallback
                0x000000000001acb0       0x50 /home/louis/Documents/ps3/ps3toolchain/bin/portlibs/ppu/lib/libtiny3d.a(buffer.o)
 .text.commandBufferPut
                0x000000000001ad00       0x20 /home/louis/Documents/ps3/ps3toolchain/bin/portlibs/ppu/lib/libtiny3d.a(buffer.o)
 .text          0x000000000001ad20        0x0 /home/louis/Documents/ps3/ps3toolchain/bin/ppu/lib/libgcm_sys.a(sprx.o)
 .text          0x000000000001ad20        0x0 /home/louis/Documents/ps3/ps3toolchain/bin/ppu/lib/libgcm_sys.a(gcm_wrapper.o)
 .text.gcmInitBody
                0x000000000001ad20       0x64 /home/louis/Documents/ps3/ps3toolchain/bin/ppu/lib/libgcm_sys.a(gcm_wrapper.o)
 *fill*         0x000000000001ad84        0x4 60000000
 .text.gcmIoOffsetToAddress
                0x000000000001ad88       0x64 /home/louis/Documents/ps3/ps3toolchain/bin/ppu/lib/libgcm_sys.a(gcm_wrapper.o)
 *fill*         0x000000000001adec        0x4 60000000
 .text.gcmSetVBlankHandler
                0x000000000001adf0       0x58 /home/louis/Documents/ps3/ps3toolchain/bin/ppu/lib/libgcm_sys.a(gcm_wrapper.o)
 .text.gcmSetFlipHandler
                0x000000000001ae48       0x58 /home/louis/Documents/ps3/ps3toolchain/bin/ppu/lib/libgcm_sys.a(gcm_wrapper.o)
 .text.gcmSetGraphicsHandler
                0x000000000001aea0       0x58 /home/louis/Documents/ps3/ps3toolchain/bin/ppu/lib/libgcm_sys.a(gcm_wrapper.o)
 .text.gcmSetSecondVHandler
                0x000000000001aef8       0x58 /home/louis/Documents/ps3/ps3toolchain/bin/ppu/lib/libgcm_sys.a(gcm_wrapper.o)
 .text.gcmSetUserHandler
                0x000000000001af50       0x58 /home/louis/Documents/ps3/ps3toolchain/bin/ppu/lib/libgcm_sys.a(gcm_wrapper.o)
 .text.gcmSetQueueHandler
                0x000000000001afa8       0x58 /home/louis/Documents/ps3/ps3toolchain/bin/ppu/lib/libgcm_sys.a(gcm_wrapper.o)
 .text.gcmSetUserCommand
                0x000000000001b000       0x58 /home/louis/Documents/ps3/ps3toolchain/bin/ppu/lib/libgcm_sys.a(gcm_wrapper.o)
 .text          0x000000000001b058        0x0 /home/louis/Documents/ps3/ps3toolchain/bin/ppu/lib/libio.a(sprx.o)
 .text          0x000000000001b058        0x0 /home/louis/Documents/ps3/ps3toolchain/bin/ppu/lib/libsysutil.a(sprx.o)
 .text          0x000000000001b058        0x0 /home/louis/Documents/ps3/ps3toolchain/bin/ppu/lib/libsysutil.a(sysutil_wrapper.o)
 .text.sysUtilRegisterCallback
                0x000000000001b058       0x58 /home/louis/Documents/ps3/ps3toolchain/bin/ppu/lib/libsysutil.a(sysutil_wrapper.o)
 .text.msgDialogOpen
                0x000000000001b0b0       0x58 /home/louis/Documents/ps3/ps3toolchain/bin/ppu/lib/libsysutil.a(sysutil_wrapper.o)
 .text.msgDialogOpen2
                0x000000000001b108       0x58 /home/louis/Documents/ps3/ps3toolchain/bin/ppu/lib/libsysutil.a(sysutil_wrapper.o)
 .text.msgDialogOpenErrorCode
                0x000000000001b160       0x58 /home/louis/Documents/ps3/ps3toolchain/bin/ppu/lib/libsysutil.a(sysutil_wrapper.o)
 .text.sysSaveListLoad2
                0x000000000001b1b8       0x74 /home/louis/Documents/ps3/ps3toolchain/bin/ppu/lib/libsysutil.a(sysutil_wrapper.o)
 *fill*         0x000000000001b22c        0x4 60000000
 .text.sysSaveListSave2
                0x000000000001b230       0x74 /home/louis/Documents/ps3/ps3toolchain/bin/ppu/lib/libsysutil.a(sysutil_wrapper.o)
 *fill*         0x000000000001b2a4        0x4 60000000
 .text.sysSaveListAutoLoad
                0x000000000001b2a8       0x7c /home/louis/Documents/ps3/ps3toolchain/bin/ppu/lib/libsysutil.a(sysutil_wrapper.o)
 *fill*         0x000000000001b324        0x4 60000000
 .text.sysSaveListAutoSave
                0x000000000001b328       0x7c /home/louis/Documents/ps3/ps3toolchain/bin/ppu/lib/libsysutil.a(sysutil_wrapper.o)
 *fill*         0x000000000001b3a4        0x4 60000000
 .text.sysSaveFixedLoad2
                0x000000000001b3a8       0x74 /home/louis/Documents/ps3/ps3toolchain/bin/ppu/lib/libsysutil.a(sysutil_wrapper.o)
 *fill*         0x000000000001b41c        0x4 60000000
 .text.sysSaveFixedSave2
                0x000000000001b420       0x74 /home/louis/Documents/ps3/ps3toolchain/bin/ppu/lib/libsysutil.a(sysutil_wrapper.o)
 *fill*         0x000000000001b494        0x4 60000000
 .text.sysSaveAutoLoad2
                0x000000000001b498       0x5c /home/louis/Documents/ps3/ps3toolchain/bin/ppu/lib/libsysutil.a(sysutil_wrapper.o)
 *fill*         0x000000000001b4f4        0x4 60000000
 .text.sysSaveAutoSave2
                0x000000000001b4f8       0x5c /home/louis/Documents/ps3/ps3toolchain/bin/ppu/lib/libsysutil.a(sysutil_wrapper.o)
 *fill*         0x000000000001b554        0x4 60000000
 .text.sysGameThemeInstallFromBuffer
                0x000000000001b558       0x58 /home/louis/Documents/ps3/ps3toolchain/bin/ppu/lib/libsysutil.a(sysutil_wrapper.o)
 .text.sysDiscRegisterDiscChangeCallback
                0x000000000001b5b0       0x5c /home/louis/Documents/ps3/ps3toolchain/bin/ppu/lib/libsysutil.a(sysutil_wrapper.o)
 *fill*         0x000000000001b60c        0x4 60000000
 .text.sysGameDiscRegisterDiscChangeCallback
                0x000000000001b610       0x10 /home/louis/Documents/ps3/ps3toolchain/bin/ppu/lib/libsysutil.a(sysutil_wrapper.o)
 .text.videoRegisterCallback
                0x000000000001b620       0x58 /home/louis/Documents/ps3/ps3toolchain/bin/ppu/lib/libsysutil.a(sysutil_wrapper.o)
 .text          0x000000000001b678        0x0 /home/louis/Documents/ps3/ps3toolchain/bin/ppu/lib/librt.a(sbrk.o)
 .text.startup.sbrk_init
                0x000000000001b678       0xb8 /home/louis/Documents/ps3/ps3toolchain/bin/ppu/lib/librt.a(sbrk.o)
 .text.sbrk_deinit
                0x000000000001b730       0xc8 /home/louis/Documents/ps3/ps3toolchain/bin/ppu/lib/librt.a(sbrk.o)
 .text.__librt_sbrk_r
                0x000000000001b7f8      0x2f4 /home/louis/Documents/ps3/ps3toolchain/bin/ppu/lib/librt.a(sbrk.o)
 .text          0x000000000001baec        0x0 /home/louis/Documents/ps3/ps3toolchain/bin/ppu/lib/librt.a(exit.o)
 *fill*         0x000000000001baec        0x4 60000000
 .text.__librt_exit
                0x000000000001baf0       0x30 /home/louis/Documents/ps3/ps3toolchain/bin/ppu/lib/librt.a(exit.o)
 .text          0x000000000001bb20        0x0 /home/louis/Documents/ps3/ps3toolchain/bin/ppu/lib/librt.a(close.o)
 .text.__librt_close_r
                0x000000000001bb20       0x88 /home/louis/Documents/ps3/ps3toolchain/bin/ppu/lib/librt.a(close.o)
 .text          0x000000000001bba8        0x0 /home/louis/Documents/ps3/ps3toolchain/bin/ppu/lib/librt.a(lseek.o)
 .text.__librt_lseek_r
                0x000000000001bba8       0x8c /home/louis/Documents/ps3/ps3toolchain/bin/ppu/lib/librt.a(lseek.o)
 *fill*         0x000000000001bc34        0x4 60000000
 .text.__librt_lseek64_r
                0x000000000001bc38       0x10 /home/louis/Documents/ps3/ps3toolchain/bin/ppu/lib/librt.a(lseek.o)
 .text          0x000000000001bc48        0x0 /home/louis/Documents/ps3/ps3toolchain/bin/ppu/lib/librt.a(read.o)
 .text.__librt_read_r
                0x000000000001bc48      0x10c /home/louis/Documents/ps3/ps3toolchain/bin/ppu/lib/librt.a(read.o)
 .text          0x000000000001bd54        0x0 /home/louis/Documents/ps3/ps3toolchain/bin/ppu/lib/librt.a(open.o)
 *fill*         0x000000000001bd54        0x4 60000000
 .text.__librt_open_r
                0x000000000001bd58      0x180 /home/louis/Documents/ps3/ps3toolchain/bin/ppu/lib/librt.a(open.o)
 .text          0x000000000001bed8        0x0 /home/louis/Documents/ps3/ps3toolchain/bin/ppu/lib/librt.a(sleep.o)
 .text.__librt_usleep_r
                0x000000000001bed8       0x50 /home/louis/Documents/ps3/ps3toolchain/bin/ppu/lib/librt.a(sleep.o)
 .text.__librt_sleep_r
                0x000000000001bf28       0x6c /home/louis/Documents/ps3/ps3toolchain/bin/ppu/lib/librt.a(sleep.o)
 .text          0x000000000001bf94        0x0 /home/louis/Documents/ps3/ps3toolchain/bin/ppu/lib/librt.a(write.o)
 *fill*         0x000000000001bf94        0x4 60000000
 .text.__librt_write_r
                0x000000000001bf98      0x104 /home/louis/Documents/ps3/ps3toolchain/bin/ppu/lib/librt.a(write.o)
 .text          0x000000000001c09c        0x0 /home/louis/Documents/ps3/ps3toolchain/bin/ppu/lib/librt.a(fstat.o)
 *fill*         0x000000000001c09c        0x4 60000000
 .text.__librt_fstat_r
                0x000000000001c0a0       0xd0 /home/louis/Documents/ps3/ps3toolchain/bin/ppu/lib/librt.a(fstat.o)
 .text.__librt_fstat64_r
                0x000000000001c170       0x10 /home/louis/Documents/ps3/ps3toolchain/bin/ppu/lib/librt.a(fstat.o)
 .text.__librt_stat_r
                0x000000000001c180       0xd0 /home/louis/Documents/ps3/ps3toolchain/bin/ppu/lib/librt.a(fstat.o)
 .text.__librt_stat64_r
                0x000000000001c250       0x10 /home/louis/Documents/ps3/ps3toolchain/bin/ppu/lib/librt.a(fstat.o)
 .text          0x000000000001c260        0x0 /home/louis/Documents/ps3/ps3toolchain/bin/ppu/lib/librt.a(socket.o)
 .text.accept   0x000000000001c260       0xe0 /home/louis/Documents/ps3/ps3toolchain/bin/ppu/lib/librt.a(socket.o)
 .text.bind     0x000000000001c340       0x44 /home/louis/Documents/ps3/ps3toolchain/bin/ppu/lib/librt.a(socket.o)
 *fill*         0x000000000001c384        0x4 60000000
 .text.connect  0x000000000001c388       0x44 /home/louis/Documents/ps3/ps3toolchain/bin/ppu/lib/librt.a(socket.o)
 *fill*         0x000000000001c3cc        0x4 60000000
 .text.listen   0x000000000001c3d0       0x44 /home/louis/Documents/ps3/ps3toolchain/bin/ppu/lib/librt.a(socket.o)
 *fill*         0x000000000001c414        0x4 60000000
 .text.socket   0x000000000001c418       0x5c /home/louis/Documents/ps3/ps3toolchain/bin/ppu/lib/librt.a(socket.o)
 *fill*         0x000000000001c474        0x4 60000000
 .text.send     0x000000000001c478       0x4c /home/louis/Documents/ps3/ps3toolchain/bin/ppu/lib/librt.a(socket.o)
 *fill*         0x000000000001c4c4        0x4 60000000
 .text.sendto   0x000000000001c4c8       0x44 /home/louis/Documents/ps3/ps3toolchain/bin/ppu/lib/librt.a(socket.o)
 *fill*         0x000000000001c50c        0x4 60000000
 .text.recv     0x000000000001c510       0x4c /home/louis/Documents/ps3/ps3toolchain/bin/ppu/lib/librt.a(socket.o)
 *fill*         0x000000000001c55c        0x4 60000000
 .text.recvfrom
                0x000000000001c560       0xd8 /home/louis/Documents/ps3/ps3toolchain/bin/ppu/lib/librt.a(socket.o)
 .text.shutdown
                0x000000000001c638       0x44 /home/louis/Documents/ps3/ps3toolchain/bin/ppu/lib/librt.a(socket.o)
 *fill*         0x000000000001c67c        0x4 60000000
 .text.inet_aton
                0x000000000001c680       0xbc /home/louis/Documents/ps3/ps3toolchain/bin/ppu/lib/librt.a(socket.o)
 *fill*         0x000000000001c73c        0x4 60000000
 .text.inet_pton
                0x000000000001c740       0x48 /home/louis/Documents/ps3/ps3toolchain/bin/ppu/lib/librt.a(socket.o)
 .text.select   0x000000000001c788       0x3c /home/louis/Documents/ps3/ps3toolchain/bin/ppu/lib/librt.a(socket.o)
 *fill*         0x000000000001c7c4        0x4 60000000
 .text.closesocket
                0x000000000001c7c8       0x44 /home/louis/Documents/ps3/ps3toolchain/bin/ppu/lib/librt.a(socket.o)
 .text          0x000000000001c80c        0x0 /home/louis/Documents/ps3/ps3toolchain/bin/ppu/lib/librt.a(lock.o)
 *fill*         0x000000000001c80c        0x4 60000000
 .text.__librt_sys_lwmutex_create_r
                0x000000000001c810       0x38 /home/louis/Documents/ps3/ps3toolchain/bin/ppu/lib/librt.a(lock.o)
 .text.__librt_sys_lwmutex_destroy_r
                0x000000000001c848       0x34 /home/louis/Documents/ps3/ps3toolchain/bin/ppu/lib/librt.a(lock.o)
 *fill*         0x000000000001c87c        0x4 60000000
 .text.__librt_sys_lwmutex_lock_r
                0x000000000001c880       0x38 /home/louis/Documents/ps3/ps3toolchain/bin/ppu/lib/librt.a(lock.o)
 .text.__librt_sys_lwmutex_trylock_r
                0x000000000001c8b8       0x34 /home/louis/Documents/ps3/ps3toolchain/bin/ppu/lib/librt.a(lock.o)
 *fill*         0x000000000001c8ec        0x4 60000000
 .text.__librt_sys_lwmutex_unlock_r
                0x000000000001c8f0       0x34 /home/louis/Documents/ps3/ps3toolchain/bin/ppu/lib/librt.a(lock.o)
 .text          0x000000000001c924        0x0 /home/louis/Documents/ps3/ps3toolchain/bin/ppu/lib/librt.a(dirent.o)
 *fill*         0x000000000001c924        0x4 60000000
 .text.readdir_i
                0x000000000001c928      0x10c /home/louis/Documents/ps3/ps3toolchain/bin/ppu/lib/librt.a(dirent.o)
 *fill*         0x000000000001ca34        0x4 60000000
 .text.__librt_opendir_r
                0x000000000001ca38      0x114 /home/louis/Documents/ps3/ps3toolchain/bin/ppu/lib/librt.a(dirent.o)
 *fill*         0x000000000001cb4c        0x4 60000000
 .text.__librt_readdir_r
                0x000000000001cb50       0x84 /home/louis/Documents/ps3/ps3toolchain/bin/ppu/lib/librt.a(dirent.o)
 *fill*         0x000000000001cbd4        0x4 60000000
 .text.__librt_readdir_r_r
                0x000000000001cbd8       0x58 /home/louis/Documents/ps3/ps3toolchain/bin/ppu/lib/librt.a(dirent.o)
 .text.__librt_closedir_r
                0x000000000001cc30       0x84 /home/louis/Documents/ps3/ps3toolchain/bin/ppu/lib/librt.a(dirent.o)
 *fill*         0x000000000001ccb4        0x4 60000000
 .text.__librt_telldir_r
                0x000000000001ccb8       0x24 /home/louis/Documents/ps3/ps3toolchain/bin/ppu/lib/librt.a(dirent.o)
 *fill*         0x000000000001ccdc        0x4 60000000
 .text.__librt_rewinddir_r
                0x000000000001cce0       0x18 /home/louis/Documents/ps3/ps3toolchain/bin/ppu/lib/librt.a(dirent.o)
 .text.__librt_seekdir_r
                0x000000000001ccf8       0x18 /home/louis/Documents/ps3/ps3toolchain/bin/ppu/lib/librt.a(dirent.o)
 .text          0x000000000001cd10        0x0 /home/louis/Documents/ps3/ps3toolchain/bin/ppu/lib/librt.a(mkdir.o)
 .text.__librt_mkdir_r
                0x000000000001cd10       0x60 /home/louis/Documents/ps3/ps3toolchain/bin/ppu/lib/librt.a(mkdir.o)
 .text          0x000000000001cd70        0x0 /home/louis/Documents/ps3/ps3toolchain/bin/ppu/lib/librt.a(times.o)
 .text.__librt_times_r
                0x000000000001cd70       0x1c /home/louis/Documents/ps3/ps3toolchain/bin/ppu/lib/librt.a(times.o)
 .text          0x000000000001cd8c        0x0 /home/louis/Documents/ps3/ps3toolchain/bin/ppu/lib/librt.a(umask.o)
 *fill*         0x000000000001cd8c        0x4 60000000
 .text.__librt_umask_r
                0x000000000001cd90       0x20 /home/louis/Documents/ps3/ps3toolchain/bin/ppu/lib/librt.a(umask.o)
 .text          0x000000000001cdb0        0x0 /home/louis/Documents/ps3/ps3toolchain/bin/ppu/lib/librt.a(lv2errno.o)
 .text.lv2error
                0x000000000001cdb0      0x434 /home/louis/Documents/ps3/ps3toolchain/bin/ppu/lib/librt.a(lv2errno.o)
 *fill*         0x000000000001d1e4        0x4 60000000
 .text.lv2errno
                0x000000000001d1e8       0x68 /home/louis/Documents/ps3/ps3toolchain/bin/ppu/lib/librt.a(lv2errno.o)
 .text.lv2errno_r
                0x000000000001d250       0x58 /home/louis/Documents/ps3/ps3toolchain/bin/ppu/lib/librt.a(lv2errno.o)
 .text          0x000000000001d2a8        0x0 /home/louis/Documents/ps3/ps3toolchain/bin/ppu/lib/librt.a(heap.o)
 .text.__heap_block_split.isra.2
                0x000000000001d2a8      0x104 /home/louis/Documents/ps3/ps3toolchain/bin/ppu/lib/librt.a(heap.o)
 *fill*         0x000000000001d3ac        0x4 60000000
 .text.heapInit
                0x000000000001d3b0      0x128 /home/louis/Documents/ps3/ps3toolchain/bin/ppu/lib/librt.a(heap.o)
 .text.heapAllocateAligned
                0x000000000001d4d8      0x230 /home/louis/Documents/ps3/ps3toolchain/bin/ppu/lib/librt.a(heap.o)
 .text.heapAllocate
                0x000000000001d708       0x14 /home/louis/Documents/ps3/ps3toolchain/bin/ppu/lib/librt.a(heap.o)
 *fill*         0x000000000001d71c        0x4 60000000
 .text.heapFree
                0x000000000001d720      0x1fc /home/louis/Documents/ps3/ps3toolchain/bin/ppu/lib/librt.a(heap.o)
 .text          0x000000000001d91c        0x0 /home/louis/Documents/ps3/ps3toolchain/bin/ppu/lib/librt.a(chmod.o)
 *fill*         0x000000000001d91c        0x4 60000000
 .text.__librt_chmod_r
                0x000000000001d920       0x54 /home/louis/Documents/ps3/ps3toolchain/bin/ppu/lib/librt.a(chmod.o)
 .text          0x000000000001d974        0x0 /home/louis/Documents/ps3/ps3toolchain/bin/ppu/lib/librt.a(rename.o)
 *fill*         0x000000000001d974        0x4 60000000
 .text.__librt_rename_r
                0x000000000001d978       0x54 /home/louis/Documents/ps3/ps3toolchain/bin/ppu/lib/librt.a(rename.o)
 .text          0x000000000001d9cc        0x0 /home/louis/Documents/ps3/ps3toolchain/bin/ppu/lib/librt.a(rmdir.o)
 *fill*         0x000000000001d9cc        0x4 60000000
 .text.__librt_rmdir_r
                0x000000000001d9d0       0x50 /home/louis/Documents/ps3/ps3toolchain/bin/ppu/lib/librt.a(rmdir.o)
 .text          0x000000000001da20        0x0 /home/louis/Documents/ps3/ps3toolchain/bin/ppu/lib/librt.a(isatty.o)
 .text.__librt_isatty_r
                0x000000000001da20       0x2c /home/louis/Documents/ps3/ps3toolchain/bin/ppu/lib/librt.a(isatty.o)
 .text          0x000000000001da4c        0x0 /home/louis/Documents/ps3/ps3toolchain/bin/ppu/lib/librt.a(gettod.o)
 *fill*         0x000000000001da4c        0x4 60000000
 .text.__librt_gettod_r
                0x000000000001da50       0xb8 /home/louis/Documents/ps3/ps3toolchain/bin/ppu/lib/librt.a(gettod.o)
 .text          0x000000000001db08        0x0 /home/louis/Documents/ps3/ps3toolchain/bin/ppu/lib/librt.a(settod.o)
 .text.__librt_settod_r
                0x000000000001db08       0x58 /home/louis/Documents/ps3/ps3toolchain/bin/ppu/lib/librt.a(settod.o)
 .text          0x000000000001db60        0x0 /home/louis/Documents/ps3/ps3toolchain/bin/ppu/lib/librt.a(unlink.o)
 .text.__librt_unlink_r
                0x000000000001db60       0x50 /home/louis/Documents/ps3/ps3toolchain/bin/ppu/lib/librt.a(unlink.o)
 .text          0x000000000001dbb0        0x0 /home/louis/Documents/ps3/ps3toolchain/bin/ppu/lib/librt.a(link.o)
 .text.__librt_link_r
                0x000000000001dbb0       0x54 /home/louis/Documents/ps3/ps3toolchain/bin/ppu/lib/librt.a(link.o)
 .text          0x000000000001dc04        0x0 /home/louis/Documents/ps3/ps3toolchain/bin/ppu/lib/librt.a(truncate.o)
 *fill*         0x000000000001dc04        0x4 60000000
 .text.__librt_truncate_r
                0x000000000001dc08       0x54 /home/louis/Documents/ps3/ps3toolchain/bin/ppu/lib/librt.a(truncate.o)
 *fill*         0x000000000001dc5c        0x4 60000000
 .text.__librt_ftruncate_r
                0x000000000001dc60       0x54 /home/louis/Documents/ps3/ps3toolchain/bin/ppu/lib/librt.a(truncate.o)
 .text          0x000000000001dcb4        0x0 /home/louis/Documents/ps3/ps3toolchain/bin/ppu/lib/librt.a(fsync.o)
 *fill*         0x000000000001dcb4        0x4 60000000
 .text.__librt_fsync_r
                0x000000000001dcb8       0x50 /home/louis/Documents/ps3/ps3toolchain/bin/ppu/lib/librt.a(fsync.o)
 .text          0x000000000001dd08        0x0 /home/louis/Documents/ps3/ps3toolchain/bin/ppu/lib/librt.a(utime.o)
 .text.__librt_utime_r
                0x000000000001dd08       0xbc /home/louis/Documents/ps3/ps3toolchain/bin/ppu/lib/librt.a(utime.o)
 .text          0x000000000001ddc4        0x0 /home/louis/Documents/ps3/ps3toolchain/bin/ppu/lib/librt.a(globfile.o)
 *fill*         0x000000000001ddc4        0x4 60000000
 .text.resolve_path
                0x000000000001ddc8      0x188 /home/louis/Documents/ps3/ps3toolchain/bin/ppu/lib/librt.a(globfile.o)
 .text.flattenDirectory.constprop.0
                0x000000000001df50      0x2d0 /home/louis/Documents/ps3/ps3toolchain/bin/ppu/lib/librt.a(globfile.o)
 .text.startup.__glob_file_init
                0x000000000001e220       0x3c /home/louis/Documents/ps3/ps3toolchain/bin/ppu/lib/librt.a(globfile.o)
 *fill*         0x000000000001e25c        0x4 60000000
 .text.__full_path
                0x000000000001e260      0x12c /home/louis/Documents/ps3/ps3toolchain/bin/ppu/lib/librt.a(globfile.o)
 *fill*         0x000000000001e38c        0x4 60000000
 .text.__librt_chdir_r
                0x000000000001e390       0xbc /home/louis/Documents/ps3/ps3toolchain/bin/ppu/lib/librt.a(globfile.o)
 *fill*         0x000000000001e44c        0x4 60000000
 .text.__librt_getcwd_r
                0x000000000001e450       0xc0 /home/louis/Documents/ps3/ps3toolchain/bin/ppu/lib/librt.a(globfile.o)
 .text          0x000000000001e510        0x0 /home/louis/Documents/ps3/ps3toolchain/bin/ppu/lib/liblv2.a(sprx.o)
 .text          0x000000000001e510        0x0 /home/louis/Documents/ps3/ps3toolchain/bin/ppu/lib/gcc/powerpc64-ps3-elf/7.2.0/../../../../powerpc64-ps3-elf/lib/libm.a(lib_a-sf_cos.o)
 .text.cosf     0x000000000001e510       0x34 /home/louis/Documents/ps3/ps3toolchain/bin/ppu/lib/gcc/powerpc64-ps3-elf/7.2.0/../../../../powerpc64-ps3-elf/lib/libm.a(lib_a-sf_cos.o)
 .text          0x000000000001e544        0x0 /home/louis/Documents/ps3/ps3toolchain/bin/ppu/lib/gcc/powerpc64-ps3-elf/7.2.0/../../../../powerpc64-ps3-elf/lib/libm.a(lib_a-sf_sine.o)
 *fill*         0x000000000001e544        0x4 60000000
 .text.sinef    0x000000000001e548      0x33c /home/louis/Documents/ps3/ps3toolchain/bin/ppu/lib/gcc/powerpc64-ps3-elf/7.2.0/../../../../powerpc64-ps3-elf/lib/libm.a(lib_a-sf_sine.o)
 .text          0x000000000001e884        0x0 /home/louis/Documents/ps3/ps3toolchain/bin/ppu/lib/gcc/powerpc64-ps3-elf/7.2.0/../../../../powerpc64-ps3-elf/lib/libm.a(lib_a-sf_sin.o)
 *fill*         0x000000000001e884        0x4 60000000
 .text.sinf     0x000000000001e888       0x34 /home/louis/Documents/ps3/ps3toolchain/bin/ppu/lib/gcc/powerpc64-ps3-elf/7.2.0/../../../../powerpc64-ps3-elf/lib/libm.a(lib_a-sf_sin.o)
 .text          0x000000000001e8bc        0x0 /home/louis/Documents/ps3/ps3toolchain/bin/ppu/lib/gcc/powerpc64-ps3-elf/7.2.0/../../../../powerpc64-ps3-elf/lib/libm.a(lib_a-sf_sqrt.o)
 *fill*         0x000000000001e8bc        0x4 60000000
 .text.sqrtf    0x000000000001e8c0      0x1a0 /home/louis/Documents/ps3/ps3toolchain/bin/ppu/lib/gcc/powerpc64-ps3-elf/7.2.0/../../../../powerpc64-ps3-elf/lib/libm.a(lib_a-sf_sqrt.o)
 .text          0x000000000001ea60        0x0 /home/louis/Documents/ps3/ps3toolchain/bin/ppu/lib/gcc/powerpc64-ps3-elf/7.2.0/../../../../powerpc64-ps3-elf/lib/libm.a(lib_a-sf_tan.o)
 .text.tanf     0x000000000001ea60      0x1f8 /home/louis/Documents/ps3/ps3toolchain/bin/ppu/lib/gcc/powerpc64-ps3-elf/7.2.0/../../../../powerpc64-ps3-elf/lib/libm.a(lib_a-sf_tan.o)
 .text          0x000000000001ec58        0x0 /home/louis/Documents/ps3/ps3toolchain/bin/ppu/lib/gcc/powerpc64-ps3-elf/7.2.0/../../../../powerpc64-ps3-elf/lib/libm.a(lib_a-s_mathcnst.o)
 .text          0x000000000001ec58        0x0 /home/louis/Documents/ps3/ps3toolchain/bin/ppu/lib/gcc/powerpc64-ps3-elf/7.2.0/../../../../powerpc64-ps3-elf/lib/libm.a(lib_a-s_sqrt.o)
 .text.sqrt     0x000000000001ec58      0x188 /home/louis/Documents/ps3/ps3toolchain/bin/ppu/lib/gcc/powerpc64-ps3-elf/7.2.0/../../../../powerpc64-ps3-elf/lib/libm.a(lib_a-s_sqrt.o)
 .text          0x000000000001ede0        0x0 /home/louis/Documents/ps3/ps3toolchain/bin/ppu/lib/gcc/powerpc64-ps3-elf/7.2.0/../../../../powerpc64-ps3-elf/lib/libm.a(lib_a-sf_fabs.o)
 .text.fabsf    0x000000000001ede0       0xcc /home/louis/Documents/ps3/ps3toolchain/bin/ppu/lib/gcc/powerpc64-ps3-elf/7.2.0/../../../../powerpc64-ps3-elf/lib/libm.a(lib_a-sf_fabs.o)
 .text          0x000000000001eeac        0x0 /home/louis/Documents/ps3/ps3toolchain/bin/ppu/lib/gcc/powerpc64-ps3-elf/7.2.0/../../../../powerpc64-ps3-elf/lib/libm.a(lib_a-sf_floor.o)
 *fill*         0x000000000001eeac        0x4 60000000
 .text.floorf   0x000000000001eeb0       0xd0 /home/louis/Documents/ps3/ps3toolchain/bin/ppu/lib/gcc/powerpc64-ps3-elf/7.2.0/../../../../powerpc64-ps3-elf/lib/libm.a(lib_a-sf_floor.o)
 .text          0x000000000001ef80        0x0 /home/louis/Documents/ps3/ps3toolchain/bin/ppu/lib/gcc/powerpc64-ps3-elf/7.2.0/../../../../powerpc64-ps3-elf/lib/libm.a(lib_a-sf_frexp.o)
 .text.frexpf   0x000000000001ef80       0xb0 /home/louis/Documents/ps3/ps3toolchain/bin/ppu/lib/gcc/powerpc64-ps3-elf/7.2.0/../../../../powerpc64-ps3-elf/lib/libm.a(lib_a-sf_frexp.o)
 .text          0x000000000001f030        0x0 /home/louis/Documents/ps3/ps3toolchain/bin/ppu/lib/gcc/powerpc64-ps3-elf/7.2.0/../../../../powerpc64-ps3-elf/lib/libm.a(lib_a-sf_ispos.o)
 .text.isposf   0x000000000001f030       0x20 /home/louis/Documents/ps3/ps3toolchain/bin/ppu/lib/gcc/powerpc64-ps3-elf/7.2.0/../../../../powerpc64-ps3-elf/lib/libm.a(lib_a-sf_ispos.o)
 .text          0x000000000001f050        0x0 /home/louis/Documents/ps3/ps3toolchain/bin/ppu/lib/gcc/powerpc64-ps3-elf/7.2.0/../../../../powerpc64-ps3-elf/lib/libm.a(lib_a-sf_ldexp.o)
 .text.ldexpf   0x000000000001f050      0x188 /home/louis/Documents/ps3/ps3toolchain/bin/ppu/lib/gcc/powerpc64-ps3-elf/7.2.0/../../../../powerpc64-ps3-elf/lib/libm.a(lib_a-sf_ldexp.o)
 .text          0x000000000001f1d8        0x0 /home/louis/Documents/ps3/ps3toolchain/bin/ppu/lib/gcc/powerpc64-ps3-elf/7.2.0/../../../../powerpc64-ps3-elf/lib/libm.a(lib_a-sf_modf.o)
 .text.modff    0x000000000001f1d8       0xac /home/louis/Documents/ps3/ps3toolchain/bin/ppu/lib/gcc/powerpc64-ps3-elf/7.2.0/../../../../powerpc64-ps3-elf/lib/libm.a(lib_a-sf_modf.o)
 .text          0x000000000001f284        0x0 /home/louis/Documents/ps3/ps3toolchain/bin/ppu/lib/gcc/powerpc64-ps3-elf/7.2.0/../../../../powerpc64-ps3-elf/lib/libm.a(lib_a-sf_numtest.o)
 *fill*         0x000000000001f284        0x4 60000000
 .text.numtestf
                0x000000000001f288       0x28 /home/louis/Documents/ps3/ps3toolchain/bin/ppu/lib/gcc/powerpc64-ps3-elf/7.2.0/../../../../powerpc64-ps3-elf/lib/libm.a(lib_a-sf_numtest.o)
 .text          0x000000000001f2b0        0x0 /home/louis/Documents/ps3/ps3toolchain/bin/ppu/lib/gcc/powerpc64-ps3-elf/7.2.0/../../../../powerpc64-ps3-elf/lib/libm.a(lib_a-s_frexp.o)
 .text.frexp    0x000000000001f2b0       0xc4 /home/louis/Documents/ps3/ps3toolchain/bin/ppu/lib/gcc/powerpc64-ps3-elf/7.2.0/../../../../powerpc64-ps3-elf/lib/libm.a(lib_a-s_frexp.o)
 .text          0x000000000001f374        0x0 /home/louis/Documents/ps3/ps3toolchain/bin/ppu/lib/gcc/powerpc64-ps3-elf/7.2.0/../../../../powerpc64-ps3-elf/lib/libm.a(lib_a-s_ispos.o)
 *fill*         0x000000000001f374        0x4 60000000
 .text.ispos    0x000000000001f378       0x24 /home/louis/Documents/ps3/ps3toolchain/bin/ppu/lib/gcc/powerpc64-ps3-elf/7.2.0/../../../../powerpc64-ps3-elf/lib/libm.a(lib_a-s_ispos.o)
 .text          0x000000000001f39c        0x0 /home/louis/Documents/ps3/ps3toolchain/bin/ppu/lib/gcc/powerpc64-ps3-elf/7.2.0/../../../../powerpc64-ps3-elf/lib/libm.a(lib_a-s_ldexp.o)
 *fill*         0x000000000001f39c        0x4 60000000
 .text.ldexp    0x000000000001f3a0      0x144 /home/louis/Documents/ps3/ps3toolchain/bin/ppu/lib/gcc/powerpc64-ps3-elf/7.2.0/../../../../powerpc64-ps3-elf/lib/libm.a(lib_a-s_ldexp.o)
 .text          0x000000000001f4e4        0x0 /home/louis/Documents/ps3/ps3toolchain/bin/ppu/lib/gcc/powerpc64-ps3-elf/7.2.0/../../../../powerpc64-ps3-elf/lib/libm.a(lib_a-s_numtest.o)
 *fill*         0x000000000001f4e4        0x4 60000000
 .text.numtest  0x000000000001f4e8       0x58 /home/louis/Documents/ps3/ps3toolchain/bin/ppu/lib/gcc/powerpc64-ps3-elf/7.2.0/../../../../powerpc64-ps3-elf/lib/libm.a(lib_a-s_numtest.o)
 .text          0x000000000001f540        0x0 /home/louis/Documents/ps3/ps3toolchain/bin/ppu/lib/gcc/powerpc64-ps3-elf/7.2.0/../../../../powerpc64-ps3-elf/lib/libsysbase.a(syscalls.o)
 .text          0x000000000001f540        0x0 /home/louis/Documents/ps3/ps3toolchain/bin/ppu/lib/gcc/powerpc64-ps3-elf/7.2.0/../../../../powerpc64-ps3-elf/lib/libsysbase.a(sleep.o)
 .text.usleep   0x000000000001f540       0x80 /home/louis/Documents/ps3/ps3toolchain/bin/ppu/lib/gcc/powerpc64-ps3-elf/7.2.0/../../../../powerpc64-ps3-elf/lib/libsysbase.a(sleep.o)
 .text.sleep    0x000000000001f5c0       0x84 /home/louis/Documents/ps3/ps3toolchain/bin/ppu/lib/gcc/powerpc64-ps3-elf/7.2.0/../../../../powerpc64-ps3-elf/lib/libsysbase.a(sleep.o)
 .text          0x000000000001f644        0x0 /home/louis/Documents/ps3/ps3toolchain/bin/ppu/lib/gcc/powerpc64-ps3-elf/7.2.0/../../../../powerpc64-ps3-elf/lib/libc.a(lib_a-atexit.o)
 *fill*         0x000000000001f644        0x4 60000000
 .text.atexit   0x000000000001f648       0x40 /home/louis/Documents/ps3/ps3toolchain/bin/ppu/lib/gcc/powerpc64-ps3-elf/7.2.0/../../../../powerpc64-ps3-elf/lib/libc.a(lib_a-atexit.o)
 .text          0x000000000001f688        0x0 /home/louis/Documents/ps3/ps3toolchain/bin/ppu/lib/gcc/powerpc64-ps3-elf/7.2.0/../../../../powerpc64-ps3-elf/lib/libc.a(lib_a-calloc.o)
 .text.calloc   0x000000000001f688       0x58 /home/louis/Documents/ps3/ps3toolchain/bin/ppu/lib/gcc/powerpc64-ps3-elf/7.2.0/../../../../powerpc64-ps3-elf/lib/libc.a(lib_a-calloc.o)
 .text          0x000000000001f6e0        0x0 /home/louis/Documents/ps3/ps3toolchain/bin/ppu/lib/gcc/powerpc64-ps3-elf/7.2.0/../../../../powerpc64-ps3-elf/lib/libc.a(lib_a-callocr.o)
 .text._calloc_r
                0x000000000001f6e0       0xdc /home/louis/Documents/ps3/ps3toolchain/bin/ppu/lib/gcc/powerpc64-ps3-elf/7.2.0/../../../../powerpc64-ps3-elf/lib/libc.a(lib_a-callocr.o)
 .text          0x000000000001f7bc        0x0 /home/louis/Documents/ps3/ps3toolchain/bin/ppu/lib/gcc/powerpc64-ps3-elf/7.2.0/../../../../powerpc64-ps3-elf/lib/libc.a(lib_a-errno.o)
 *fill*         0x000000000001f7bc        0x4 60000000
 .text.__errno  0x000000000001f7c0       0x30 /home/louis/Documents/ps3/ps3toolchain/bin/ppu/lib/gcc/powerpc64-ps3-elf/7.2.0/../../../../powerpc64-ps3-elf/lib/libc.a(lib_a-errno.o)
 .text          0x000000000001f7f0        0x0 /home/louis/Documents/ps3/ps3toolchain/bin/ppu/lib/gcc/powerpc64-ps3-elf/7.2.0/../../../../powerpc64-ps3-elf/lib/libc.a(lib_a-exit.o)
 .text.exit     0x000000000001f7f0       0x68 /home/louis/Documents/ps3/ps3toolchain/bin/ppu/lib/gcc/powerpc64-ps3-elf/7.2.0/../../../../powerpc64-ps3-elf/lib/libc.a(lib_a-exit.o)
 .text          0x000000000001f858        0x0 /home/louis/Documents/ps3/ps3toolchain/bin/ppu/lib/gcc/powerpc64-ps3-elf/7.2.0/../../../../powerpc64-ps3-elf/lib/libc.a(lib_a-fprintf.o)
 .text._fprintf_r
                0x000000000001f858       0x48 /home/louis/Documents/ps3/ps3toolchain/bin/ppu/lib/gcc/powerpc64-ps3-elf/7.2.0/../../../../powerpc64-ps3-elf/lib/libc.a(lib_a-fprintf.o)
 .text.fprintf  0x000000000001f8a0       0x74 /home/louis/Documents/ps3/ps3toolchain/bin/ppu/lib/gcc/powerpc64-ps3-elf/7.2.0/../../../../powerpc64-ps3-elf/lib/libc.a(lib_a-fprintf.o)
 .text          0x000000000001f914        0x0 /home/louis/Documents/ps3/ps3toolchain/bin/ppu/lib/gcc/powerpc64-ps3-elf/7.2.0/../../../../powerpc64-ps3-elf/lib/libc.a(lib_a-getreent.o)
 *fill*         0x000000000001f914        0x4 60000000
 .text.__getreent
                0x000000000001f918      0x1b4 /home/louis/Documents/ps3/ps3toolchain/bin/ppu/lib/gcc/powerpc64-ps3-elf/7.2.0/../../../../powerpc64-ps3-elf/lib/libc.a(lib_a-getreent.o)
 .text          0x000000000001facc        0x0 /home/louis/Documents/ps3/ps3toolchain/bin/ppu/lib/gcc/powerpc64-ps3-elf/7.2.0/../../../../powerpc64-ps3-elf/lib/libc.a(lib_a-impure.o)
 .text          0x000000000001facc        0x0 /home/louis/Documents/ps3/ps3toolchain/bin/ppu/lib/gcc/powerpc64-ps3-elf/7.2.0/../../../../powerpc64-ps3-elf/lib/libc.a(lib_a-malign.o)
 *fill*         0x000000000001facc        0x4 60000000
 .text.memalign
                0x000000000001fad0       0x58 /home/louis/Documents/ps3/ps3toolchain/bin/ppu/lib/gcc/powerpc64-ps3-elf/7.2.0/../../../../powerpc64-ps3-elf/lib/libc.a(lib_a-malign.o)
 .text          0x000000000001fb28        0x0 /home/louis/Documents/ps3/ps3toolchain/bin/ppu/lib/gcc/powerpc64-ps3-elf/7.2.0/../../../../powerpc64-ps3-elf/lib/libc.a(lib_a-malignr.o)
 .text._memalign_r
                0x000000000001fb28      0x224 /home/louis/Documents/ps3/ps3toolchain/bin/ppu/lib/gcc/powerpc64-ps3-elf/7.2.0/../../../../powerpc64-ps3-elf/lib/libc.a(lib_a-malignr.o)
 .text          0x000000000001fd4c        0x0 /home/louis/Documents/ps3/ps3toolchain/bin/ppu/lib/gcc/powerpc64-ps3-elf/7.2.0/../../../../powerpc64-ps3-elf/lib/libc.a(lib_a-malloc.o)
 *fill*         0x000000000001fd4c        0x4 60000000
 .text.malloc   0x000000000001fd50       0x48 /home/louis/Documents/ps3/ps3toolchain/bin/ppu/lib/gcc/powerpc64-ps3-elf/7.2.0/../../../../powerpc64-ps3-elf/lib/libc.a(lib_a-malloc.o)
 .text.free     0x000000000001fd98       0x48 /home/louis/Documents/ps3/ps3toolchain/bin/ppu/lib/gcc/powerpc64-ps3-elf/7.2.0/../../../../powerpc64-ps3-elf/lib/libc.a(lib_a-malloc.o)
 .text          0x000000000001fde0        0x0 /home/louis/Documents/ps3/ps3toolchain/bin/ppu/lib/gcc/powerpc64-ps3-elf/7.2.0/../../../../powerpc64-ps3-elf/lib/libc.a(lib_a-mallocr.o)
 .text._malloc_r
                0x000000000001fde0      0x9e4 /home/louis/Documents/ps3/ps3toolchain/bin/ppu/lib/gcc/powerpc64-ps3-elf/7.2.0/../../../../powerpc64-ps3-elf/lib/libc.a(lib_a-mallocr.o)
 .text          0x00000000000207c4        0x0 /home/louis/Documents/ps3/ps3toolchain/bin/ppu/lib/gcc/powerpc64-ps3-elf/7.2.0/../../../../powerpc64-ps3-elf/lib/libc.a(lib_a-memcpy.o)
 *fill*         0x00000000000207c4        0x4 60000000
 .text.memcpy   0x00000000000207c8      0x11c /home/louis/Documents/ps3/ps3toolchain/bin/ppu/lib/gcc/powerpc64-ps3-elf/7.2.0/../../../../powerpc64-ps3-elf/lib/libc.a(lib_a-memcpy.o)
 .text          0x00000000000208e4        0x0 /home/louis/Documents/ps3/ps3toolchain/bin/ppu/lib/gcc/powerpc64-ps3-elf/7.2.0/../../../../powerpc64-ps3-elf/lib/libc.a(lib_a-memset.o)
 *fill*         0x00000000000208e4        0x4 60000000
 .text.memset   0x00000000000208e8      0x138 /home/louis/Documents/ps3/ps3toolchain/bin/ppu/lib/gcc/powerpc64-ps3-elf/7.2.0/../../../../powerpc64-ps3-elf/lib/libc.a(lib_a-memset.o)
 .text          0x0000000000020a20        0x0 /home/louis/Documents/ps3/ps3toolchain/bin/ppu/lib/gcc/powerpc64-ps3-elf/7.2.0/../../../../powerpc64-ps3-elf/lib/libc.a(lib_a-mlock.o)
 .text.__malloc_lock
                0x0000000000020a20       0x34 /home/louis/Documents/ps3/ps3toolchain/bin/ppu/lib/gcc/powerpc64-ps3-elf/7.2.0/../../../../powerpc64-ps3-elf/lib/libc.a(lib_a-mlock.o)
 *fill*         0x0000000000020a54        0x4 60000000
 .text.__malloc_unlock
                0x0000000000020a58       0x34 /home/louis/Documents/ps3/ps3toolchain/bin/ppu/lib/gcc/powerpc64-ps3-elf/7.2.0/../../../../powerpc64-ps3-elf/lib/libc.a(lib_a-mlock.o)
 .text          0x0000000000020a8c        0x0 /home/louis/Documents/ps3/ps3toolchain/bin/ppu/lib/gcc/powerpc64-ps3-elf/7.2.0/../../../../powerpc64-ps3-elf/lib/libc.a(lib_a-perror.o)
 *fill*         0x0000000000020a8c        0x4 60000000
 .text._perror_r
                0x0000000000020a90       0xb0 /home/louis/Documents/ps3/ps3toolchain/bin/ppu/lib/gcc/powerpc64-ps3-elf/7.2.0/../../../../powerpc64-ps3-elf/lib/libc.a(lib_a-perror.o)
 .text.perror   0x0000000000020b40       0x40 /home/louis/Documents/ps3/ps3toolchain/bin/ppu/lib/gcc/powerpc64-ps3-elf/7.2.0/../../../../powerpc64-ps3-elf/lib/libc.a(lib_a-perror.o)
 .text          0x0000000000020b80        0x0 /home/louis/Documents/ps3/ps3toolchain/bin/ppu/lib/gcc/powerpc64-ps3-elf/7.2.0/../../../../powerpc64-ps3-elf/lib/libc.a(lib_a-realloc.o)
 .text.realloc  0x0000000000020b80       0x58 /home/louis/Documents/ps3/ps3toolchain/bin/ppu/lib/gcc/powerpc64-ps3-elf/7.2.0/../../../../powerpc64-ps3-elf/lib/libc.a(lib_a-realloc.o)
 .text          0x0000000000020bd8        0x0 /home/louis/Documents/ps3/ps3toolchain/bin/ppu/lib/gcc/powerpc64-ps3-elf/7.2.0/../../../../powerpc64-ps3-elf/lib/libc.a(lib_a-reallocr.o)
 .text._realloc_r
                0x0000000000020bd8      0x6c4 /home/louis/Documents/ps3/ps3toolchain/bin/ppu/lib/gcc/powerpc64-ps3-elf/7.2.0/../../../../powerpc64-ps3-elf/lib/libc.a(lib_a-reallocr.o)
 .text          0x000000000002129c        0x0 /home/louis/Documents/ps3/ps3toolchain/bin/ppu/lib/gcc/powerpc64-ps3-elf/7.2.0/../../../../powerpc64-ps3-elf/lib/libc.a(lib_a-sscanf.o)
 *fill*         0x000000000002129c        0x4 60000000
 .text.sscanf   0x00000000000212a0       0xa8 /home/louis/Documents/ps3/ps3toolchain/bin/ppu/lib/gcc/powerpc64-ps3-elf/7.2.0/../../../../powerpc64-ps3-elf/lib/libc.a(lib_a-sscanf.o)
 .text._sscanf_r
                0x0000000000021348       0xa8 /home/louis/Documents/ps3/ps3toolchain/bin/ppu/lib/gcc/powerpc64-ps3-elf/7.2.0/../../../../powerpc64-ps3-elf/lib/libc.a(lib_a-sscanf.o)
 .text          0x00000000000213f0        0x0 /home/louis/Documents/ps3/ps3toolchain/bin/ppu/lib/gcc/powerpc64-ps3-elf/7.2.0/../../../../powerpc64-ps3-elf/lib/libc.a(lib_a-stdio.o)
 .text.__sread  0x00000000000213f0       0x7c /home/louis/Documents/ps3/ps3toolchain/bin/ppu/lib/gcc/powerpc64-ps3-elf/7.2.0/../../../../powerpc64-ps3-elf/lib/libc.a(lib_a-stdio.o)
 *fill*         0x000000000002146c        0x4 60000000
 .text.__seofread
                0x0000000000021470       0x14 /home/louis/Documents/ps3/ps3toolchain/bin/ppu/lib/gcc/powerpc64-ps3-elf/7.2.0/../../../../powerpc64-ps3-elf/lib/libc.a(lib_a-stdio.o)
 *fill*         0x0000000000021484        0x4 60000000
 .text.__swrite
                0x0000000000021488       0xb0 /home/louis/Documents/ps3/ps3toolchain/bin/ppu/lib/gcc/powerpc64-ps3-elf/7.2.0/../../../../powerpc64-ps3-elf/lib/libc.a(lib_a-stdio.o)
 .text.__sseek  0x0000000000021538       0x78 /home/louis/Documents/ps3/ps3toolchain/bin/ppu/lib/gcc/powerpc64-ps3-elf/7.2.0/../../../../powerpc64-ps3-elf/lib/libc.a(lib_a-stdio.o)
 .text.__sclose
                0x00000000000215b0       0x38 /home/louis/Documents/ps3/ps3toolchain/bin/ppu/lib/gcc/powerpc64-ps3-elf/7.2.0/../../../../powerpc64-ps3-elf/lib/libc.a(lib_a-stdio.o)
 .text          0x00000000000215e8        0x0 /home/louis/Documents/ps3/ps3toolchain/bin/ppu/lib/gcc/powerpc64-ps3-elf/7.2.0/../../../../powerpc64-ps3-elf/lib/libc.a(lib_a-strcasecmp.o)
 .text.strcasecmp
                0x00000000000215e8       0x8c /home/louis/Documents/ps3/ps3toolchain/bin/ppu/lib/gcc/powerpc64-ps3-elf/7.2.0/../../../../powerpc64-ps3-elf/lib/libc.a(lib_a-strcasecmp.o)
 .text          0x0000000000021674        0x0 /home/louis/Documents/ps3/ps3toolchain/bin/ppu/lib/gcc/powerpc64-ps3-elf/7.2.0/../../../../powerpc64-ps3-elf/lib/libc.a(lib_a-strchr.o)
 *fill*         0x0000000000021674        0x4 60000000
 .text.strchr   0x0000000000021678      0x1c0 /home/louis/Documents/ps3/ps3toolchain/bin/ppu/lib/gcc/powerpc64-ps3-elf/7.2.0/../../../../powerpc64-ps3-elf/lib/libc.a(lib_a-strchr.o)
 .text          0x0000000000021838        0x0 /home/louis/Documents/ps3/ps3toolchain/bin/ppu/lib/gcc/powerpc64-ps3-elf/7.2.0/../../../../powerpc64-ps3-elf/lib/libc.a(lib_a-strcpy.o)
 .text.strcpy   0x0000000000021838       0xc0 /home/louis/Documents/ps3/ps3toolchain/bin/ppu/lib/gcc/powerpc64-ps3-elf/7.2.0/../../../../powerpc64-ps3-elf/lib/libc.a(lib_a-strcpy.o)
 .text          0x00000000000218f8        0x0 /home/louis/Documents/ps3/ps3toolchain/bin/ppu/lib/gcc/powerpc64-ps3-elf/7.2.0/../../../../powerpc64-ps3-elf/lib/libc.a(lib_a-strdup.o)
 .text.strdup   0x00000000000218f8       0x48 /home/louis/Documents/ps3/ps3toolchain/bin/ppu/lib/gcc/powerpc64-ps3-elf/7.2.0/../../../../powerpc64-ps3-elf/lib/libc.a(lib_a-strdup.o)
 .text          0x0000000000021940        0x0 /home/louis/Documents/ps3/ps3toolchain/bin/ppu/lib/gcc/powerpc64-ps3-elf/7.2.0/../../../../powerpc64-ps3-elf/lib/libc.a(lib_a-strdup_r.o)
 .text._strdup_r
                0x0000000000021940       0x88 /home/louis/Documents/ps3/ps3toolchain/bin/ppu/lib/gcc/powerpc64-ps3-elf/7.2.0/../../../../powerpc64-ps3-elf/lib/libc.a(lib_a-strdup_r.o)
 .text          0x00000000000219c8        0x0 /home/louis/Documents/ps3/ps3toolchain/bin/ppu/lib/gcc/powerpc64-ps3-elf/7.2.0/../../../../powerpc64-ps3-elf/lib/libc.a(lib_a-strerror.o)
 .text._strerror_r
                0x00000000000219c8      0x520 /home/louis/Documents/ps3/ps3toolchain/bin/ppu/lib/gcc/powerpc64-ps3-elf/7.2.0/../../../../powerpc64-ps3-elf/lib/libc.a(lib_a-strerror.o)
 .text.strerror
                0x0000000000021ee8       0x48 /home/louis/Documents/ps3/ps3toolchain/bin/ppu/lib/gcc/powerpc64-ps3-elf/7.2.0/../../../../powerpc64-ps3-elf/lib/libc.a(lib_a-strerror.o)
 .text          0x0000000000021f30        0x0 /home/louis/Documents/ps3/ps3toolchain/bin/ppu/lib/gcc/powerpc64-ps3-elf/7.2.0/../../../../powerpc64-ps3-elf/lib/libc.a(lib_a-strlen.o)
 .text.strlen   0x0000000000021f30       0xc4 /home/louis/Documents/ps3/ps3toolchain/bin/ppu/lib/gcc/powerpc64-ps3-elf/7.2.0/../../../../powerpc64-ps3-elf/lib/libc.a(lib_a-strlen.o)
 .text          0x0000000000021ff4        0x0 /home/louis/Documents/ps3/ps3toolchain/bin/ppu/lib/gcc/powerpc64-ps3-elf/7.2.0/../../../../powerpc64-ps3-elf/lib/libc.a(lib_a-strncat.o)
 *fill*         0x0000000000021ff4        0x4 60000000
 .text.strncat  0x0000000000021ff8       0xe0 /home/louis/Documents/ps3/ps3toolchain/bin/ppu/lib/gcc/powerpc64-ps3-elf/7.2.0/../../../../powerpc64-ps3-elf/lib/libc.a(lib_a-strncat.o)
 .text          0x00000000000220d8        0x0 /home/louis/Documents/ps3/ps3toolchain/bin/ppu/lib/gcc/powerpc64-ps3-elf/7.2.0/../../../../powerpc64-ps3-elf/lib/libc.a(lib_a-strncpy.o)
 .text.strncpy  0x00000000000220d8      0x118 /home/louis/Documents/ps3/ps3toolchain/bin/ppu/lib/gcc/powerpc64-ps3-elf/7.2.0/../../../../powerpc64-ps3-elf/lib/libc.a(lib_a-strncpy.o)
 .text          0x00000000000221f0        0x0 /home/louis/Documents/ps3/ps3toolchain/bin/ppu/lib/gcc/powerpc64-ps3-elf/7.2.0/../../../../powerpc64-ps3-elf/lib/libc.a(lib_a-svfscanf.o)
 .text.__ssvfscanf_r
                0x00000000000221f0     0x1864 /home/louis/Documents/ps3/ps3toolchain/bin/ppu/lib/gcc/powerpc64-ps3-elf/7.2.0/../../../../powerpc64-ps3-elf/lib/libc.a(lib_a-svfscanf.o)
 .text          0x0000000000023a54        0x0 /home/louis/Documents/ps3/ps3toolchain/bin/ppu/lib/gcc/powerpc64-ps3-elf/7.2.0/../../../../powerpc64-ps3-elf/lib/libc.a(lib_a-time.o)
 *fill*         0x0000000000023a54        0x4 60000000
 .text.time     0x0000000000023a58       0x6c /home/louis/Documents/ps3/ps3toolchain/bin/ppu/lib/gcc/powerpc64-ps3-elf/7.2.0/../../../../powerpc64-ps3-elf/lib/libc.a(lib_a-time.o)
 .text          0x0000000000023ac4        0x0 /home/louis/Documents/ps3/ps3toolchain/bin/ppu/lib/gcc/powerpc64-ps3-elf/7.2.0/../../../../powerpc64-ps3-elf/lib/libc.a(lib_a-u_strerr.o)
 *fill*         0x0000000000023ac4        0x4 60000000
 .text._user_strerror
                0x0000000000023ac8       0x14 /home/louis/Documents/ps3/ps3toolchain/bin/ppu/lib/gcc/powerpc64-ps3-elf/7.2.0/../../../../powerpc64-ps3-elf/lib/libc.a(lib_a-u_strerr.o)
 .text          0x0000000000023adc        0x0 /home/louis/Documents/ps3/ps3toolchain/bin/ppu/lib/gcc/powerpc64-ps3-elf/7.2.0/../../../../powerpc64-ps3-elf/lib/libc.a(lib_a-vfprintf.o)
 *fill*         0x0000000000023adc        0x4 60000000
 .text._vfprintf_r
                0x0000000000023ae0     0x2300 /home/louis/Documents/ps3/ps3toolchain/bin/ppu/lib/gcc/powerpc64-ps3-elf/7.2.0/../../../../powerpc64-ps3-elf/lib/libc.a(lib_a-vfprintf.o)
 .text.vfprintf
                0x0000000000025de0       0x60 /home/louis/Documents/ps3/ps3toolchain/bin/ppu/lib/gcc/powerpc64-ps3-elf/7.2.0/../../../../powerpc64-ps3-elf/lib/libc.a(lib_a-vfprintf.o)
 .text          0x0000000000025e40        0x0 /home/louis/Documents/ps3/ps3toolchain/bin/ppu/lib/gcc/powerpc64-ps3-elf/7.2.0/../../../../powerpc64-ps3-elf/lib/libc.a(lib_a-wsetup.o)
 .text.__swsetup_r
                0x0000000000025e40      0x1f0 /home/louis/Documents/ps3/ps3toolchain/bin/ppu/lib/gcc/powerpc64-ps3-elf/7.2.0/../../../../powerpc64-ps3-elf/lib/libc.a(lib_a-wsetup.o)
 .text          0x0000000000026030        0x0 /home/louis/Documents/ps3/ps3toolchain/bin/ppu/lib/gcc/powerpc64-ps3-elf/7.2.0/../../../../powerpc64-ps3-elf/lib/libc.a(lib_a-__atexit.o)
 .text.__register_exitproc
                0x0000000000026030      0x184 /home/louis/Documents/ps3/ps3toolchain/bin/ppu/lib/gcc/powerpc64-ps3-elf/7.2.0/../../../../powerpc64-ps3-elf/lib/libc.a(lib_a-__atexit.o)
 .text          0x00000000000261b4        0x0 /home/louis/Documents/ps3/ps3toolchain/bin/ppu/lib/gcc/powerpc64-ps3-elf/7.2.0/../../../../powerpc64-ps3-elf/lib/libc.a(lib_a-__call_atexit.o)
 *fill*         0x00000000000261b4        0x4 60000000
 .text.__call_exitprocs
                0x00000000000261b8      0x24c /home/louis/Documents/ps3/ps3toolchain/bin/ppu/lib/gcc/powerpc64-ps3-elf/7.2.0/../../../../powerpc64-ps3-elf/lib/libc.a(lib_a-__call_atexit.o)
 .text          0x0000000000026404        0x0 /home/louis/Documents/ps3/ps3toolchain/bin/ppu/lib/gcc/powerpc64-ps3-elf/7.2.0/../../../../powerpc64-ps3-elf/lib/libc.a(lib_a-ctype_.o)
 .text          0x0000000000026404        0x0 /home/louis/Documents/ps3/ps3toolchain/bin/ppu/lib/gcc/powerpc64-ps3-elf/7.2.0/../../../../powerpc64-ps3-elf/lib/libc.a(lib_a-dtoa.o)
 *fill*         0x0000000000026404        0x4 60000000
 .text.quorem   0x0000000000026408      0x26c /home/louis/Documents/ps3/ps3toolchain/bin/ppu/lib/gcc/powerpc64-ps3-elf/7.2.0/../../../../powerpc64-ps3-elf/lib/libc.a(lib_a-dtoa.o)
 *fill*         0x0000000000026674        0x4 60000000
 .text._dtoa_r  0x0000000000026678     0x1478 /home/louis/Documents/ps3/ps3toolchain/bin/ppu/lib/gcc/powerpc64-ps3-elf/7.2.0/../../../../powerpc64-ps3-elf/lib/libc.a(lib_a-dtoa.o)
 .text          0x0000000000027af0        0x0 /home/louis/Documents/ps3/ps3toolchain/bin/ppu/lib/gcc/powerpc64-ps3-elf/7.2.0/../../../../powerpc64-ps3-elf/lib/libc.a(lib_a-fflush.o)
 .text.__sflush_r
                0x0000000000027af0      0x3d0 /home/louis/Documents/ps3/ps3toolchain/bin/ppu/lib/gcc/powerpc64-ps3-elf/7.2.0/../../../../powerpc64-ps3-elf/lib/libc.a(lib_a-fflush.o)
 .text._fflush_r
                0x0000000000027ec0      0x124 /home/louis/Documents/ps3/ps3toolchain/bin/ppu/lib/gcc/powerpc64-ps3-elf/7.2.0/../../../../powerpc64-ps3-elf/lib/libc.a(lib_a-fflush.o)
 *fill*         0x0000000000027fe4        0x4 60000000
 .text.fflush   0x0000000000027fe8       0x70 /home/louis/Documents/ps3/ps3toolchain/bin/ppu/lib/gcc/powerpc64-ps3-elf/7.2.0/../../../../powerpc64-ps3-elf/lib/libc.a(lib_a-fflush.o)
 .text          0x0000000000028058        0x0 /home/louis/Documents/ps3/ps3toolchain/bin/ppu/lib/gcc/powerpc64-ps3-elf/7.2.0/../../../../powerpc64-ps3-elf/lib/libc.a(lib_a-findfp.o)
 .text._cleanup_r
                0x0000000000028058       0x34 /home/louis/Documents/ps3/ps3toolchain/bin/ppu/lib/gcc/powerpc64-ps3-elf/7.2.0/../../../../powerpc64-ps3-elf/lib/libc.a(lib_a-findfp.o)
 *fill*         0x000000000002808c        0x4 60000000
 .text.__fp_lock
                0x0000000000028090       0x50 /home/louis/Documents/ps3/ps3toolchain/bin/ppu/lib/gcc/powerpc64-ps3-elf/7.2.0/../../../../powerpc64-ps3-elf/lib/libc.a(lib_a-findfp.o)
 .text.__fp_unlock
                0x00000000000280e0       0x50 /home/louis/Documents/ps3/ps3toolchain/bin/ppu/lib/gcc/powerpc64-ps3-elf/7.2.0/../../../../powerpc64-ps3-elf/lib/libc.a(lib_a-findfp.o)
 .text.std.isra.0
                0x0000000000028130       0x9c /home/louis/Documents/ps3/ps3toolchain/bin/ppu/lib/gcc/powerpc64-ps3-elf/7.2.0/../../../../powerpc64-ps3-elf/lib/libc.a(lib_a-findfp.o)
 *fill*         0x00000000000281cc        0x4 60000000
 .text.__sfmoreglue
                0x00000000000281d0       0x88 /home/louis/Documents/ps3/ps3toolchain/bin/ppu/lib/gcc/powerpc64-ps3-elf/7.2.0/../../../../powerpc64-ps3-elf/lib/libc.a(lib_a-findfp.o)
 .text._cleanup
                0x0000000000028258       0x3c /home/louis/Documents/ps3/ps3toolchain/bin/ppu/lib/gcc/powerpc64-ps3-elf/7.2.0/../../../../powerpc64-ps3-elf/lib/libc.a(lib_a-findfp.o)
 *fill*         0x0000000000028294        0x4 60000000
 .text.__sinit  0x0000000000028298       0xbc /home/louis/Documents/ps3/ps3toolchain/bin/ppu/lib/gcc/powerpc64-ps3-elf/7.2.0/../../../../powerpc64-ps3-elf/lib/libc.a(lib_a-findfp.o)
 *fill*         0x0000000000028354        0x4 60000000
 .text.__sfp    0x0000000000028358      0x190 /home/louis/Documents/ps3/ps3toolchain/bin/ppu/lib/gcc/powerpc64-ps3-elf/7.2.0/../../../../powerpc64-ps3-elf/lib/libc.a(lib_a-findfp.o)
 .text.__sfp_lock_acquire
                0x00000000000284e8       0x34 /home/louis/Documents/ps3/ps3toolchain/bin/ppu/lib/gcc/powerpc64-ps3-elf/7.2.0/../../../../powerpc64-ps3-elf/lib/libc.a(lib_a-findfp.o)
 *fill*         0x000000000002851c        0x4 60000000
 .text.__sfp_lock_release
                0x0000000000028520       0x34 /home/louis/Documents/ps3/ps3toolchain/bin/ppu/lib/gcc/powerpc64-ps3-elf/7.2.0/../../../../powerpc64-ps3-elf/lib/libc.a(lib_a-findfp.o)
 *fill*         0x0000000000028554        0x4 60000000
 .text.__sinit_lock_acquire
                0x0000000000028558       0x34 /home/louis/Documents/ps3/ps3toolchain/bin/ppu/lib/gcc/powerpc64-ps3-elf/7.2.0/../../../../powerpc64-ps3-elf/lib/libc.a(lib_a-findfp.o)
 *fill*         0x000000000002858c        0x4 60000000
 .text.__sinit_lock_release
                0x0000000000028590       0x34 /home/louis/Documents/ps3/ps3toolchain/bin/ppu/lib/gcc/powerpc64-ps3-elf/7.2.0/../../../../powerpc64-ps3-elf/lib/libc.a(lib_a-findfp.o)
 *fill*         0x00000000000285c4        0x4 60000000
 .text.__fp_lock_all
                0x00000000000285c8       0x48 /home/louis/Documents/ps3/ps3toolchain/bin/ppu/lib/gcc/powerpc64-ps3-elf/7.2.0/../../../../powerpc64-ps3-elf/lib/libc.a(lib_a-findfp.o)
 .text.__fp_unlock_all
                0x0000000000028610       0x48 /home/louis/Documents/ps3/ps3toolchain/bin/ppu/lib/gcc/powerpc64-ps3-elf/7.2.0/../../../../powerpc64-ps3-elf/lib/libc.a(lib_a-findfp.o)
 .text          0x0000000000028658        0x0 /home/louis/Documents/ps3/ps3toolchain/bin/ppu/lib/gcc/powerpc64-ps3-elf/7.2.0/../../../../powerpc64-ps3-elf/lib/libc.a(lib_a-fputc.o)
 .text._fputc_r
                0x0000000000028658       0xd4 /home/louis/Documents/ps3/ps3toolchain/bin/ppu/lib/gcc/powerpc64-ps3-elf/7.2.0/../../../../powerpc64-ps3-elf/lib/libc.a(lib_a-fputc.o)
 *fill*         0x000000000002872c        0x4 60000000
 .text.fputc    0x0000000000028730       0xd8 /home/louis/Documents/ps3/ps3toolchain/bin/ppu/lib/gcc/powerpc64-ps3-elf/7.2.0/../../../../powerpc64-ps3-elf/lib/libc.a(lib_a-fputc.o)
 .text          0x0000000000028808        0x0 /home/louis/Documents/ps3/ps3toolchain/bin/ppu/lib/gcc/powerpc64-ps3-elf/7.2.0/../../../../powerpc64-ps3-elf/lib/libc.a(lib_a-fputs.o)
 .text._fputs_r
                0x0000000000028808      0x134 /home/louis/Documents/ps3/ps3toolchain/bin/ppu/lib/gcc/powerpc64-ps3-elf/7.2.0/../../../../powerpc64-ps3-elf/lib/libc.a(lib_a-fputs.o)
 *fill*         0x000000000002893c        0x4 60000000
 .text.fputs    0x0000000000028940       0x50 /home/louis/Documents/ps3/ps3toolchain/bin/ppu/lib/gcc/powerpc64-ps3-elf/7.2.0/../../../../powerpc64-ps3-elf/lib/libc.a(lib_a-fputs.o)
 .text          0x0000000000028990        0x0 /home/louis/Documents/ps3/ps3toolchain/bin/ppu/lib/gcc/powerpc64-ps3-elf/7.2.0/../../../../powerpc64-ps3-elf/lib/libc.a(lib_a-freer.o)
 .text._malloc_trim_r
                0x0000000000028990      0x15c /home/louis/Documents/ps3/ps3toolchain/bin/ppu/lib/gcc/powerpc64-ps3-elf/7.2.0/../../../../powerpc64-ps3-elf/lib/libc.a(lib_a-freer.o)
 *fill*         0x0000000000028aec        0x4 60000000
 .text._free_r  0x0000000000028af0      0x3b0 /home/louis/Documents/ps3/ps3toolchain/bin/ppu/lib/gcc/powerpc64-ps3-elf/7.2.0/../../../../powerpc64-ps3-elf/lib/libc.a(lib_a-freer.o)
 .text          0x0000000000028ea0        0x0 /home/louis/Documents/ps3/ps3toolchain/bin/ppu/lib/gcc/powerpc64-ps3-elf/7.2.0/../../../../powerpc64-ps3-elf/lib/libc.a(lib_a-fvwrite.o)
 .text.__sfvwrite_r
                0x0000000000028ea0      0x688 /home/louis/Documents/ps3/ps3toolchain/bin/ppu/lib/gcc/powerpc64-ps3-elf/7.2.0/../../../../powerpc64-ps3-elf/lib/libc.a(lib_a-fvwrite.o)
 .text          0x0000000000029528        0x0 /home/louis/Documents/ps3/ps3toolchain/bin/ppu/lib/gcc/powerpc64-ps3-elf/7.2.0/../../../../powerpc64-ps3-elf/lib/libc.a(lib_a-fwalk.o)
 .text._fwalk   0x0000000000029528      0x100 /home/louis/Documents/ps3/ps3toolchain/bin/ppu/lib/gcc/powerpc64-ps3-elf/7.2.0/../../../../powerpc64-ps3-elf/lib/libc.a(lib_a-fwalk.o)
 .text._fwalk_reent
                0x0000000000029628      0x110 /home/louis/Documents/ps3/ps3toolchain/bin/ppu/lib/gcc/powerpc64-ps3-elf/7.2.0/../../../../powerpc64-ps3-elf/lib/libc.a(lib_a-fwalk.o)
 .text          0x0000000000029738        0x0 /home/louis/Documents/ps3/ps3toolchain/bin/ppu/lib/gcc/powerpc64-ps3-elf/7.2.0/../../../../powerpc64-ps3-elf/lib/libc.a(lib_a-iswspace.o)
 .text.iswspace
                0x0000000000029738       0x3c /home/louis/Documents/ps3/ps3toolchain/bin/ppu/lib/gcc/powerpc64-ps3-elf/7.2.0/../../../../powerpc64-ps3-elf/lib/libc.a(lib_a-iswspace.o)
 .text          0x0000000000029774        0x0 /home/louis/Documents/ps3/ps3toolchain/bin/ppu/lib/gcc/powerpc64-ps3-elf/7.2.0/../../../../powerpc64-ps3-elf/lib/libc.a(lib_a-locale.o)
 *fill*         0x0000000000029774        0x4 60000000
 .text._setlocale_r
                0x0000000000029778       0xb4 /home/louis/Documents/ps3/ps3toolchain/bin/ppu/lib/gcc/powerpc64-ps3-elf/7.2.0/../../../../powerpc64-ps3-elf/lib/libc.a(lib_a-locale.o)
 *fill*         0x000000000002982c        0x4 60000000
 .text.__locale_charset
                0x0000000000029830       0x14 /home/louis/Documents/ps3/ps3toolchain/bin/ppu/lib/gcc/powerpc64-ps3-elf/7.2.0/../../../../powerpc64-ps3-elf/lib/libc.a(lib_a-locale.o)
 *fill*         0x0000000000029844        0x4 60000000
 .text.__locale_mb_cur_max
                0x0000000000029848       0x1c /home/louis/Documents/ps3/ps3toolchain/bin/ppu/lib/gcc/powerpc64-ps3-elf/7.2.0/../../../../powerpc64-ps3-elf/lib/libc.a(lib_a-locale.o)
 *fill*         0x0000000000029864        0x4 60000000
 .text.__locale_msgcharset
                0x0000000000029868       0x14 /home/louis/Documents/ps3/ps3toolchain/bin/ppu/lib/gcc/powerpc64-ps3-elf/7.2.0/../../../../powerpc64-ps3-elf/lib/libc.a(lib_a-locale.o)
 *fill*         0x000000000002987c        0x4 60000000
 .text.__locale_cjk_lang
                0x0000000000029880       0x14 /home/louis/Documents/ps3/ps3toolchain/bin/ppu/lib/gcc/powerpc64-ps3-elf/7.2.0/../../../../powerpc64-ps3-elf/lib/libc.a(lib_a-locale.o)
 *fill*         0x0000000000029894        0x4 60000000
 .text._localeconv_r
                0x0000000000029898       0x14 /home/louis/Documents/ps3/ps3toolchain/bin/ppu/lib/gcc/powerpc64-ps3-elf/7.2.0/../../../../powerpc64-ps3-elf/lib/libc.a(lib_a-locale.o)
 *fill*         0x00000000000298ac        0x4 60000000
 .text.setlocale
                0x00000000000298b0       0x50 /home/louis/Documents/ps3/ps3toolchain/bin/ppu/lib/gcc/powerpc64-ps3-elf/7.2.0/../../../../powerpc64-ps3-elf/lib/libc.a(lib_a-locale.o)
 .text.localeconv
                0x0000000000029900       0x34 /home/louis/Documents/ps3/ps3toolchain/bin/ppu/lib/gcc/powerpc64-ps3-elf/7.2.0/../../../../powerpc64-ps3-elf/lib/libc.a(lib_a-locale.o)
 .text          0x0000000000029934        0x0 /home/louis/Documents/ps3/ps3toolchain/bin/ppu/lib/gcc/powerpc64-ps3-elf/7.2.0/../../../../powerpc64-ps3-elf/lib/libc.a(lib_a-lock_recursive.o)
 *fill*         0x0000000000029934        0x4 60000000
 .text.__libc_lock_init_recursive
                0x0000000000029938       0x34 /home/louis/Documents/ps3/ps3toolchain/bin/ppu/lib/gcc/powerpc64-ps3-elf/7.2.0/../../../../powerpc64-ps3-elf/lib/libc.a(lib_a-lock_recursive.o)
 *fill*         0x000000000002996c        0x4 60000000
 .text.__libc_lock_close_recursive
                0x0000000000029970       0x30 /home/louis/Documents/ps3/ps3toolchain/bin/ppu/lib/gcc/powerpc64-ps3-elf/7.2.0/../../../../powerpc64-ps3-elf/lib/libc.a(lib_a-lock_recursive.o)
 .text.__libc_lock_acquire_recursive
                0x00000000000299a0       0x58 /home/louis/Documents/ps3/ps3toolchain/bin/ppu/lib/gcc/powerpc64-ps3-elf/7.2.0/../../../../powerpc64-ps3-elf/lib/libc.a(lib_a-lock_recursive.o)
 .text.__libc_lock_try_acquire_recursive
                0x00000000000299f8       0x54 /home/louis/Documents/ps3/ps3toolchain/bin/ppu/lib/gcc/powerpc64-ps3-elf/7.2.0/../../../../powerpc64-ps3-elf/lib/libc.a(lib_a-lock_recursive.o)
 *fill*         0x0000000000029a4c        0x4 60000000
 .text.__libc_lock_release_recursive
                0x0000000000029a50       0x54 /home/louis/Documents/ps3/ps3toolchain/bin/ppu/lib/gcc/powerpc64-ps3-elf/7.2.0/../../../../powerpc64-ps3-elf/lib/libc.a(lib_a-lock_recursive.o)
 .text          0x0000000000029aa4        0x0 /home/louis/Documents/ps3/ps3toolchain/bin/ppu/lib/gcc/powerpc64-ps3-elf/7.2.0/../../../../powerpc64-ps3-elf/lib/libc.a(lib_a-makebuf.o)
 *fill*         0x0000000000029aa4        0x4 60000000
 .text.__smakebuf_r
                0x0000000000029aa8      0x1f4 /home/louis/Documents/ps3/ps3toolchain/bin/ppu/lib/gcc/powerpc64-ps3-elf/7.2.0/../../../../powerpc64-ps3-elf/lib/libc.a(lib_a-makebuf.o)
 .text          0x0000000000029c9c        0x0 /home/louis/Documents/ps3/ps3toolchain/bin/ppu/lib/gcc/powerpc64-ps3-elf/7.2.0/../../../../powerpc64-ps3-elf/lib/libc.a(lib_a-mbrtowc.o)
 *fill*         0x0000000000029c9c        0x4 60000000
 .text._mbrtowc_r
                0x0000000000029ca0      0x128 /home/louis/Documents/ps3/ps3toolchain/bin/ppu/lib/gcc/powerpc64-ps3-elf/7.2.0/../../../../powerpc64-ps3-elf/lib/libc.a(lib_a-mbrtowc.o)
 .text.mbrtowc  0x0000000000029dc8      0x164 /home/louis/Documents/ps3/ps3toolchain/bin/ppu/lib/gcc/powerpc64-ps3-elf/7.2.0/../../../../powerpc64-ps3-elf/lib/libc.a(lib_a-mbrtowc.o)
 .text          0x0000000000029f2c        0x0 /home/louis/Documents/ps3/ps3toolchain/bin/ppu/lib/gcc/powerpc64-ps3-elf/7.2.0/../../../../powerpc64-ps3-elf/lib/libc.a(lib_a-mbtowc_r.o)
 *fill*         0x0000000000029f2c        0x4 60000000
 .text.__ascii_mbtowc
                0x0000000000029f30       0x64 /home/louis/Documents/ps3/ps3toolchain/bin/ppu/lib/gcc/powerpc64-ps3-elf/7.2.0/../../../../powerpc64-ps3-elf/lib/libc.a(lib_a-mbtowc_r.o)
 *fill*         0x0000000000029f94        0x4 60000000
 .text._mbtowc_r
                0x0000000000029f98       0x98 /home/louis/Documents/ps3/ps3toolchain/bin/ppu/lib/gcc/powerpc64-ps3-elf/7.2.0/../../../../powerpc64-ps3-elf/lib/libc.a(lib_a-mbtowc_r.o)
 .text          0x000000000002a030        0x0 /home/louis/Documents/ps3/ps3toolchain/bin/ppu/lib/gcc/powerpc64-ps3-elf/7.2.0/../../../../powerpc64-ps3-elf/lib/libc.a(lib_a-memchr.o)
 .text.memchr   0x000000000002a030      0x130 /home/louis/Documents/ps3/ps3toolchain/bin/ppu/lib/gcc/powerpc64-ps3-elf/7.2.0/../../../../powerpc64-ps3-elf/lib/libc.a(lib_a-memchr.o)
 .text          0x000000000002a160        0x0 /home/louis/Documents/ps3/ps3toolchain/bin/ppu/lib/gcc/powerpc64-ps3-elf/7.2.0/../../../../powerpc64-ps3-elf/lib/libc.a(lib_a-memmove.o)
 .text.memmove  0x000000000002a160      0x154 /home/louis/Documents/ps3/ps3toolchain/bin/ppu/lib/gcc/powerpc64-ps3-elf/7.2.0/../../../../powerpc64-ps3-elf/lib/libc.a(lib_a-memmove.o)
 .text          0x000000000002a2b4        0x0 /home/louis/Documents/ps3/ps3toolchain/bin/ppu/lib/gcc/powerpc64-ps3-elf/7.2.0/../../../../powerpc64-ps3-elf/lib/libc.a(lib_a-mprec.o)
 *fill*         0x000000000002a2b4        0x4 60000000
 .text._Balloc  0x000000000002a2b8       0xfc /home/louis/Documents/ps3/ps3toolchain/bin/ppu/lib/gcc/powerpc64-ps3-elf/7.2.0/../../../../powerpc64-ps3-elf/lib/libc.a(lib_a-mprec.o)
 *fill*         0x000000000002a3b4        0x4 60000000
 .text._Bfree   0x000000000002a3b8       0x34 /home/louis/Documents/ps3/ps3toolchain/bin/ppu/lib/gcc/powerpc64-ps3-elf/7.2.0/../../../../powerpc64-ps3-elf/lib/libc.a(lib_a-mprec.o)
 *fill*         0x000000000002a3ec        0x4 60000000
 .text.__multadd
                0x000000000002a3f0      0x164 /home/louis/Documents/ps3/ps3toolchain/bin/ppu/lib/gcc/powerpc64-ps3-elf/7.2.0/../../../../powerpc64-ps3-elf/lib/libc.a(lib_a-mprec.o)
 *fill*         0x000000000002a554        0x4 60000000
 .text.__s2b    0x000000000002a558      0x174 /home/louis/Documents/ps3/ps3toolchain/bin/ppu/lib/gcc/powerpc64-ps3-elf/7.2.0/../../../../powerpc64-ps3-elf/lib/libc.a(lib_a-mprec.o)
 *fill*         0x000000000002a6cc        0x4 60000000
 .text.__hi0bits
                0x000000000002a6d0       0x9c /home/louis/Documents/ps3/ps3toolchain/bin/ppu/lib/gcc/powerpc64-ps3-elf/7.2.0/../../../../powerpc64-ps3-elf/lib/libc.a(lib_a-mprec.o)
 *fill*         0x000000000002a76c        0x4 60000000
 .text.__lo0bits
                0x000000000002a770       0xf4 /home/louis/Documents/ps3/ps3toolchain/bin/ppu/lib/gcc/powerpc64-ps3-elf/7.2.0/../../../../powerpc64-ps3-elf/lib/libc.a(lib_a-mprec.o)
 *fill*         0x000000000002a864        0x4 60000000
 .text.__i2b    0x000000000002a868       0x48 /home/louis/Documents/ps3/ps3toolchain/bin/ppu/lib/gcc/powerpc64-ps3-elf/7.2.0/../../../../powerpc64-ps3-elf/lib/libc.a(lib_a-mprec.o)
 .text.__multiply
                0x000000000002a8b0      0x2a8 /home/louis/Documents/ps3/ps3toolchain/bin/ppu/lib/gcc/powerpc64-ps3-elf/7.2.0/../../../../powerpc64-ps3-elf/lib/libc.a(lib_a-mprec.o)
 .text.__pow5mult
                0x000000000002ab58      0x19c /home/louis/Documents/ps3/ps3toolchain/bin/ppu/lib/gcc/powerpc64-ps3-elf/7.2.0/../../../../powerpc64-ps3-elf/lib/libc.a(lib_a-mprec.o)
 *fill*         0x000000000002acf4        0x4 60000000
 .text.__lshift
                0x000000000002acf8      0x1c0 /home/louis/Documents/ps3/ps3toolchain/bin/ppu/lib/gcc/powerpc64-ps3-elf/7.2.0/../../../../powerpc64-ps3-elf/lib/libc.a(lib_a-mprec.o)
 .text.__mcmp   0x000000000002aeb8       0x70 /home/louis/Documents/ps3/ps3toolchain/bin/ppu/lib/gcc/powerpc64-ps3-elf/7.2.0/../../../../powerpc64-ps3-elf/lib/libc.a(lib_a-mprec.o)
 .text.__mdiff  0x000000000002af28      0x244 /home/louis/Documents/ps3/ps3toolchain/bin/ppu/lib/gcc/powerpc64-ps3-elf/7.2.0/../../../../powerpc64-ps3-elf/lib/libc.a(lib_a-mprec.o)
 *fill*         0x000000000002b16c        0x4 60000000
 .text.__ulp    0x000000000002b170       0x88 /home/louis/Documents/ps3/ps3toolchain/bin/ppu/lib/gcc/powerpc64-ps3-elf/7.2.0/../../../../powerpc64-ps3-elf/lib/libc.a(lib_a-mprec.o)
 .text.__b2d    0x000000000002b1f8      0x1a4 /home/louis/Documents/ps3/ps3toolchain/bin/ppu/lib/gcc/powerpc64-ps3-elf/7.2.0/../../../../powerpc64-ps3-elf/lib/libc.a(lib_a-mprec.o)
 *fill*         0x000000000002b39c        0x4 60000000
 .text.__d2b    0x000000000002b3a0      0x1ac /home/louis/Documents/ps3/ps3toolchain/bin/ppu/lib/gcc/powerpc64-ps3-elf/7.2.0/../../../../powerpc64-ps3-elf/lib/libc.a(lib_a-mprec.o)
 *fill*         0x000000000002b54c        0x4 60000000
 .text.__ratio  0x000000000002b550       0xe8 /home/louis/Documents/ps3/ps3toolchain/bin/ppu/lib/gcc/powerpc64-ps3-elf/7.2.0/../../../../powerpc64-ps3-elf/lib/libc.a(lib_a-mprec.o)
 .text._mprec_log10
                0x000000000002b638       0x54 /home/louis/Documents/ps3/ps3toolchain/bin/ppu/lib/gcc/powerpc64-ps3-elf/7.2.0/../../../../powerpc64-ps3-elf/lib/libc.a(lib_a-mprec.o)
 *fill*         0x000000000002b68c        0x4 60000000
 .text.__copybits
                0x000000000002b690       0xa0 /home/louis/Documents/ps3/ps3toolchain/bin/ppu/lib/gcc/powerpc64-ps3-elf/7.2.0/../../../../powerpc64-ps3-elf/lib/libc.a(lib_a-mprec.o)
 .text.__any_on
                0x000000000002b730       0xac /home/louis/Documents/ps3/ps3toolchain/bin/ppu/lib/gcc/powerpc64-ps3-elf/7.2.0/../../../../powerpc64-ps3-elf/lib/libc.a(lib_a-mprec.o)
 .text          0x000000000002b7dc        0x0 /home/louis/Documents/ps3/ps3toolchain/bin/ppu/lib/gcc/powerpc64-ps3-elf/7.2.0/../../../../powerpc64-ps3-elf/lib/libc.a(lib_a-putc.o)
 *fill*         0x000000000002b7dc        0x4 60000000
 .text._putc_r  0x000000000002b7e0      0x168 /home/louis/Documents/ps3/ps3toolchain/bin/ppu/lib/gcc/powerpc64-ps3-elf/7.2.0/../../../../powerpc64-ps3-elf/lib/libc.a(lib_a-putc.o)
 .text.putc     0x000000000002b948      0x164 /home/louis/Documents/ps3/ps3toolchain/bin/ppu/lib/gcc/powerpc64-ps3-elf/7.2.0/../../../../powerpc64-ps3-elf/lib/libc.a(lib_a-putc.o)
 .text          0x000000000002baac        0x0 /home/louis/Documents/ps3/ps3toolchain/bin/ppu/lib/gcc/powerpc64-ps3-elf/7.2.0/../../../../powerpc64-ps3-elf/lib/libc.a(lib_a-sccl.o)
 *fill*         0x000000000002baac        0x4 60000000
 .text.__sccl   0x000000000002bab0      0x120 /home/louis/Documents/ps3/ps3toolchain/bin/ppu/lib/gcc/powerpc64-ps3-elf/7.2.0/../../../../powerpc64-ps3-elf/lib/libc.a(lib_a-sccl.o)
 .text          0x000000000002bbd0        0x0 /home/louis/Documents/ps3/ps3toolchain/bin/ppu/lib/gcc/powerpc64-ps3-elf/7.2.0/../../../../powerpc64-ps3-elf/lib/libc.a(lib_a-sf_nan.o)
 .text.nanf     0x000000000002bbd0       0x18 /home/louis/Documents/ps3/ps3toolchain/bin/ppu/lib/gcc/powerpc64-ps3-elf/7.2.0/../../../../powerpc64-ps3-elf/lib/libc.a(lib_a-sf_nan.o)